Archive member included to satisfy reference by file (symbol)

C:\Users\Dell\Documents\GitHub\stairsClimber\StairClimberProg\StairClimberProg\ArduinoCore\Debug\libArduinoCore.a(main.o)
                              C:/Program Files (x86)/Atmel/Studio/7.0/Packs/atmel/ATmega_DFP/1.3.300/gcc/dev/atmega328p/avr5/crtatmega328p.o (main)
C:\Users\Dell\Documents\GitHub\stairsClimber\StairClimberProg\StairClimberProg\ArduinoCore\Debug\libArduinoCore.a(Print.o)
                              src/libraries/SoftwareSerial/src/SoftwareSerial.o (_ZN5Print5writeEPKhj)
C:\Users\Dell\Documents\GitHub\stairsClimber\StairClimberProg\StairClimberProg\ArduinoCore\Debug\libArduinoCore.a(wiring.o)
                              Sketch.o (delay)
C:\Users\Dell\Documents\GitHub\stairsClimber\StairClimberProg\StairClimberProg\ArduinoCore\Debug\libArduinoCore.a(wiring_analog.o)
                              Sketch.o (analogRead)
C:\Users\Dell\Documents\GitHub\stairsClimber\StairClimberProg\StairClimberProg\ArduinoCore\Debug\libArduinoCore.a(wiring_digital.o)
                              Sketch.o (pinMode)
C:\Users\Dell\Documents\GitHub\stairsClimber\StairClimberProg\StairClimberProg\ArduinoCore\Debug\libArduinoCore.a(wiring_pulse.o)
                              Sketch.o (pulseIn)
C:\Users\Dell\Documents\GitHub\stairsClimber\StairClimberProg\StairClimberProg\ArduinoCore\Debug\libArduinoCore.a(abi.o)
                              C:\Users\Dell\Documents\GitHub\stairsClimber\StairClimberProg\StairClimberProg\ArduinoCore\Debug\libArduinoCore.a(Print.o) (__cxa_pure_virtual)
C:\Users\Dell\Documents\GitHub\stairsClimber\StairClimberProg\StairClimberProg\ArduinoCore\Debug\libArduinoCore.a(hooks.o)
                              C:\Users\Dell\Documents\GitHub\stairsClimber\StairClimberProg\StairClimberProg\ArduinoCore\Debug\libArduinoCore.a(wiring.o) (yield)
C:\Users\Dell\Documents\GitHub\stairsClimber\StairClimberProg\StairClimberProg\ArduinoCore\Debug\libArduinoCore.a(wiring_pulse.o)
                              C:\Users\Dell\Documents\GitHub\stairsClimber\StairClimberProg\StairClimberProg\ArduinoCore\Debug\libArduinoCore.a(wiring_pulse.o) (countPulseASM)
c:/program files (x86)/atmel/studio/7.0/toolchain/avr8/avr8-gnu-toolchain/bin/../lib/gcc/avr/5.4.0/../../../../avr/lib/avr5\libm.a(addsf3.o)
                              C:\Users\Dell\Documents\GitHub\stairsClimber\StairClimberProg\StairClimberProg\ArduinoCore\Debug\libArduinoCore.a(Print.o) (__subsf3)
c:/program files (x86)/atmel/studio/7.0/toolchain/avr8/avr8-gnu-toolchain/bin/../lib/gcc/avr/5.4.0/../../../../avr/lib/avr5\libm.a(addsf3x.o)
                              c:/program files (x86)/atmel/studio/7.0/toolchain/avr8/avr8-gnu-toolchain/bin/../lib/gcc/avr/5.4.0/../../../../avr/lib/avr5\libm.a(addsf3.o) (__addsf3x)
c:/program files (x86)/atmel/studio/7.0/toolchain/avr8/avr8-gnu-toolchain/bin/../lib/gcc/avr/5.4.0/../../../../avr/lib/avr5\libm.a(cmpsf2.o)
                              C:\Users\Dell\Documents\GitHub\stairsClimber\StairClimberProg\StairClimberProg\ArduinoCore\Debug\libArduinoCore.a(Print.o) (__ltsf2)
c:/program files (x86)/atmel/studio/7.0/toolchain/avr8/avr8-gnu-toolchain/bin/../lib/gcc/avr/5.4.0/../../../../avr/lib/avr5\libm.a(divsf3.o)
                              C:\Users\Dell\Documents\GitHub\stairsClimber\StairClimberProg\StairClimberProg\ArduinoCore\Debug\libArduinoCore.a(Print.o) (__divsf3)
c:/program files (x86)/atmel/studio/7.0/toolchain/avr8/avr8-gnu-toolchain/bin/../lib/gcc/avr/5.4.0/../../../../avr/lib/avr5\libm.a(divsf3x.o)
                              c:/program files (x86)/atmel/studio/7.0/toolchain/avr8/avr8-gnu-toolchain/bin/../lib/gcc/avr/5.4.0/../../../../avr/lib/avr5\libm.a(divsf3.o) (__divsf3x)
c:/program files (x86)/atmel/studio/7.0/toolchain/avr8/avr8-gnu-toolchain/bin/../lib/gcc/avr/5.4.0/../../../../avr/lib/avr5\libm.a(fixunssfsi.o)
                              C:\Users\Dell\Documents\GitHub\stairsClimber\StairClimberProg\StairClimberProg\ArduinoCore\Debug\libArduinoCore.a(Print.o) (__fixunssfsi)
c:/program files (x86)/atmel/studio/7.0/toolchain/avr8/avr8-gnu-toolchain/bin/../lib/gcc/avr/5.4.0/../../../../avr/lib/avr5\libm.a(floatsisf.o)
                              C:\Users\Dell\Documents\GitHub\stairsClimber\StairClimberProg\StairClimberProg\ArduinoCore\Debug\libArduinoCore.a(Print.o) (__floatunsisf)
c:/program files (x86)/atmel/studio/7.0/toolchain/avr8/avr8-gnu-toolchain/bin/../lib/gcc/avr/5.4.0/../../../../avr/lib/avr5\libm.a(fp_cmp.o)
                              c:/program files (x86)/atmel/studio/7.0/toolchain/avr8/avr8-gnu-toolchain/bin/../lib/gcc/avr/5.4.0/../../../../avr/lib/avr5\libm.a(cmpsf2.o) (__fp_cmp)
c:/program files (x86)/atmel/studio/7.0/toolchain/avr8/avr8-gnu-toolchain/bin/../lib/gcc/avr/5.4.0/../../../../avr/lib/avr5\libm.a(fp_inf.o)
                              c:/program files (x86)/atmel/studio/7.0/toolchain/avr8/avr8-gnu-toolchain/bin/../lib/gcc/avr/5.4.0/../../../../avr/lib/avr5\libm.a(addsf3x.o) (__fp_inf)
c:/program files (x86)/atmel/studio/7.0/toolchain/avr8/avr8-gnu-toolchain/bin/../lib/gcc/avr/5.4.0/../../../../avr/lib/avr5\libm.a(fp_nan.o)
                              c:/program files (x86)/atmel/studio/7.0/toolchain/avr8/avr8-gnu-toolchain/bin/../lib/gcc/avr/5.4.0/../../../../avr/lib/avr5\libm.a(addsf3x.o) (__fp_nan)
c:/program files (x86)/atmel/studio/7.0/toolchain/avr8/avr8-gnu-toolchain/bin/../lib/gcc/avr/5.4.0/../../../../avr/lib/avr5\libm.a(fp_pscA.o)
                              c:/program files (x86)/atmel/studio/7.0/toolchain/avr8/avr8-gnu-toolchain/bin/../lib/gcc/avr/5.4.0/../../../../avr/lib/avr5\libm.a(addsf3x.o) (__fp_pscA)
c:/program files (x86)/atmel/studio/7.0/toolchain/avr8/avr8-gnu-toolchain/bin/../lib/gcc/avr/5.4.0/../../../../avr/lib/avr5\libm.a(fp_pscB.o)
                              c:/program files (x86)/atmel/studio/7.0/toolchain/avr8/avr8-gnu-toolchain/bin/../lib/gcc/avr/5.4.0/../../../../avr/lib/avr5\libm.a(addsf3x.o) (__fp_pscB)
c:/program files (x86)/atmel/studio/7.0/toolchain/avr8/avr8-gnu-toolchain/bin/../lib/gcc/avr/5.4.0/../../../../avr/lib/avr5\libm.a(fp_round.o)
                              c:/program files (x86)/atmel/studio/7.0/toolchain/avr8/avr8-gnu-toolchain/bin/../lib/gcc/avr/5.4.0/../../../../avr/lib/avr5\libm.a(addsf3.o) (__fp_round)
c:/program files (x86)/atmel/studio/7.0/toolchain/avr8/avr8-gnu-toolchain/bin/../lib/gcc/avr/5.4.0/../../../../avr/lib/avr5\libm.a(fp_split3.o)
                              c:/program files (x86)/atmel/studio/7.0/toolchain/avr8/avr8-gnu-toolchain/bin/../lib/gcc/avr/5.4.0/../../../../avr/lib/avr5\libm.a(addsf3x.o) (__fp_split3)
c:/program files (x86)/atmel/studio/7.0/toolchain/avr8/avr8-gnu-toolchain/bin/../lib/gcc/avr/5.4.0/../../../../avr/lib/avr5\libm.a(fp_zero.o)
                              c:/program files (x86)/atmel/studio/7.0/toolchain/avr8/avr8-gnu-toolchain/bin/../lib/gcc/avr/5.4.0/../../../../avr/lib/avr5\libm.a(addsf3x.o) (__fp_zero)
c:/program files (x86)/atmel/studio/7.0/toolchain/avr8/avr8-gnu-toolchain/bin/../lib/gcc/avr/5.4.0/../../../../avr/lib/avr5\libm.a(gesf2.o)
                              C:\Users\Dell\Documents\GitHub\stairsClimber\StairClimberProg\StairClimberProg\ArduinoCore\Debug\libArduinoCore.a(Print.o) (__gtsf2)
c:/program files (x86)/atmel/studio/7.0/toolchain/avr8/avr8-gnu-toolchain/bin/../lib/gcc/avr/5.4.0/../../../../avr/lib/avr5\libm.a(mulsf3.o)
                              C:\Users\Dell\Documents\GitHub\stairsClimber\StairClimberProg\StairClimberProg\ArduinoCore\Debug\libArduinoCore.a(Print.o) (__mulsf3)
c:/program files (x86)/atmel/studio/7.0/toolchain/avr8/avr8-gnu-toolchain/bin/../lib/gcc/avr/5.4.0/../../../../avr/lib/avr5\libm.a(mulsf3x.o)
                              c:/program files (x86)/atmel/studio/7.0/toolchain/avr8/avr8-gnu-toolchain/bin/../lib/gcc/avr/5.4.0/../../../../avr/lib/avr5\libm.a(mulsf3.o) (__mulsf3x)
c:/program files (x86)/atmel/studio/7.0/toolchain/avr8/avr8-gnu-toolchain/bin/../lib/gcc/avr/5.4.0/../../../../avr/lib/avr5\libm.a(unordsf2.o)
                              C:\Users\Dell\Documents\GitHub\stairsClimber\StairClimberProg\StairClimberProg\ArduinoCore\Debug\libArduinoCore.a(Print.o) (__unordsf2)
c:/program files (x86)/atmel/studio/7.0/toolchain/avr8/avr8-gnu-toolchain/bin/../lib/gcc/avr/5.4.0/avr5\libgcc.a(_divmodhi4.o)
                              src/libraries/SoftwareSerial/src/SoftwareSerial.o (__divmodhi4)
c:/program files (x86)/atmel/studio/7.0/toolchain/avr8/avr8-gnu-toolchain/bin/../lib/gcc/avr/5.4.0/avr5\libgcc.a(_udivmodsi4.o)
                              C:\Users\Dell\Documents\GitHub\stairsClimber\StairClimberProg\StairClimberProg\ArduinoCore\Debug\libArduinoCore.a(Print.o) (__udivmodsi4)
c:/program files (x86)/atmel/studio/7.0/toolchain/avr8/avr8-gnu-toolchain/bin/../lib/gcc/avr/5.4.0/avr5\libgcc.a(_divmodsi4.o)
                              Sketch.o (__divmodsi4)
c:/program files (x86)/atmel/studio/7.0/toolchain/avr8/avr8-gnu-toolchain/bin/../lib/gcc/avr/5.4.0/avr5\libgcc.a(_negsi2.o)
                              c:/program files (x86)/atmel/studio/7.0/toolchain/avr8/avr8-gnu-toolchain/bin/../lib/gcc/avr/5.4.0/avr5\libgcc.a(_divmodsi4.o) (__negsi2)
c:/program files (x86)/atmel/studio/7.0/toolchain/avr8/avr8-gnu-toolchain/bin/../lib/gcc/avr/5.4.0/avr5\libgcc.a(_exit.o)
                              C:/Program Files (x86)/Atmel/Studio/7.0/Packs/atmel/ATmega_DFP/1.3.300/gcc/dev/atmega328p/avr5/crtatmega328p.o (exit)
c:/program files (x86)/atmel/studio/7.0/toolchain/avr8/avr8-gnu-toolchain/bin/../lib/gcc/avr/5.4.0/avr5\libgcc.a(_copy_data.o)
                              Sketch.o (__do_copy_data)
c:/program files (x86)/atmel/studio/7.0/toolchain/avr8/avr8-gnu-toolchain/bin/../lib/gcc/avr/5.4.0/avr5\libgcc.a(_clear_bss.o)
                              Sketch.o (__do_clear_bss)
c:/program files (x86)/atmel/studio/7.0/toolchain/avr8/avr8-gnu-toolchain/bin/../lib/gcc/avr/5.4.0/avr5\libgcc.a(_ctors.o)
                              Sketch.o (__do_global_ctors)
c:/program files (x86)/atmel/studio/7.0/toolchain/avr8/avr8-gnu-toolchain/bin/../lib/gcc/avr/5.4.0/avr5\libgcc.a(_dtors.o)
                              Sketch.o (__do_global_dtors)
c:/program files (x86)/atmel/studio/7.0/toolchain/avr8/avr8-gnu-toolchain/bin/../lib/gcc/avr/5.4.0/avr5\libgcc.a(_udivmodhi4.o)
                              c:/program files (x86)/atmel/studio/7.0/toolchain/avr8/avr8-gnu-toolchain/bin/../lib/gcc/avr/5.4.0/avr5\libgcc.a(_divmodhi4.o) (__udivmodhi4)
c:/program files (x86)/atmel/studio/7.0/toolchain/avr8/avr8-gnu-toolchain/bin/../lib/gcc/avr/5.4.0/avr5\libgcc.a(_tablejump2.o)
                              c:/program files (x86)/atmel/studio/7.0/toolchain/avr8/avr8-gnu-toolchain/bin/../lib/gcc/avr/5.4.0/avr5\libgcc.a(_ctors.o) (__tablejump2__)
c:/program files (x86)/atmel/studio/7.0/toolchain/avr8/avr8-gnu-toolchain/bin/../lib/gcc/avr/5.4.0/../../../../avr/lib/avr5\libc.a(abort.o)
                              C:\Users\Dell\Documents\GitHub\stairsClimber\StairClimberProg\StairClimberProg\ArduinoCore\Debug\libArduinoCore.a(abi.o) (abort)

Discarded input sections

 .data          0x00000000        0x0 C:/Program Files (x86)/Atmel/Studio/7.0/Packs/atmel/ATmega_DFP/1.3.300/gcc/dev/atmega328p/avr5/crtatmega328p.o
 .bss           0x00000000        0x0 C:/Program Files (x86)/Atmel/Studio/7.0/Packs/atmel/ATmega_DFP/1.3.300/gcc/dev/atmega328p/avr5/crtatmega328p.o
 .text          0x00000000        0x0 Sketch.o
 .data          0x00000000        0x0 Sketch.o
 .bss           0x00000000        0x0 Sketch.o
 .text._Z7AvanceAii
                0x00000000       0x34 Sketch.o
 .text._Z6ArretAi
                0x00000000       0x44 Sketch.o
 .text._Z7AvanceBi
                0x00000000       0x24 Sketch.o
 .text._Z7ReculeBi
                0x00000000       0x24 Sketch.o
 .text._Z6ArretBi
                0x00000000       0x10 Sketch.o
 .text._Z25microsecondsToCentimetersl
                0x00000000       0x12 Sketch.o
 .text._Z10Lecture_USi
                0x00000000       0x92 Sketch.o
 .text._Z8Seuil_USii
                0x00000000       0x20 Sketch.o
 .text._Z11Lecture_CNYi
                0x00000000       0x16 Sketch.o
 .text._Z9Seuil_CNYii
                0x00000000       0x1c Sketch.o
 .data.mot56    0x00000000        0x2 Sketch.o
 .data.mot4     0x00000000        0x2 Sketch.o
 .data.mot3     0x00000000        0x2 Sketch.o
 .data.mot2     0x00000000        0x2 Sketch.o
 .data.mot1     0x00000000        0x2 Sketch.o
 .group         0x00000000        0x8 src/libraries/SoftwareSerial/src/SoftwareSerial.o
 .group         0x00000000        0x8 src/libraries/SoftwareSerial/src/SoftwareSerial.o
 .group         0x00000000        0x8 src/libraries/SoftwareSerial/src/SoftwareSerial.o
 .text          0x00000000        0x0 src/libraries/SoftwareSerial/src/SoftwareSerial.o
 .data          0x00000000        0x0 src/libraries/SoftwareSerial/src/SoftwareSerial.o
 .bss           0x00000000        0x0 src/libraries/SoftwareSerial/src/SoftwareSerial.o
 .text._ZN5Print5flushEv
                0x00000000        0x2 src/libraries/SoftwareSerial/src/SoftwareSerial.o
 .text._ZN14SoftwareSerial11rx_pin_readEv
                0x00000000        0xe src/libraries/SoftwareSerial/src/SoftwareSerial.o
 .text._ZN14SoftwareSerial12subtract_capEjj
                0x00000000       0x12 src/libraries/SoftwareSerial/src/SoftwareSerial.o
 .text._ZN14SoftwareSerial3endEv
                0x00000000        0x4 src/libraries/SoftwareSerial/src/SoftwareSerial.o
 .text          0x00000000        0x0 C:\Users\Dell\Documents\GitHub\stairsClimber\StairClimberProg\StairClimberProg\ArduinoCore\Debug\libArduinoCore.a(main.o)
 .data          0x00000000        0x0 C:\Users\Dell\Documents\GitHub\stairsClimber\StairClimberProg\StairClimberProg\ArduinoCore\Debug\libArduinoCore.a(main.o)
 .bss           0x00000000        0x0 C:\Users\Dell\Documents\GitHub\stairsClimber\StairClimberProg\StairClimberProg\ArduinoCore\Debug\libArduinoCore.a(main.o)
 .text.atexit   0x00000000        0x6 C:\Users\Dell\Documents\GitHub\stairsClimber\StairClimberProg\StairClimberProg\ArduinoCore\Debug\libArduinoCore.a(main.o)
 .text._Z8setupUSBv
                0x00000000        0x2 C:\Users\Dell\Documents\GitHub\stairsClimber\StairClimberProg\StairClimberProg\ArduinoCore\Debug\libArduinoCore.a(main.o)
 .group         0x00000000        0x8 C:\Users\Dell\Documents\GitHub\stairsClimber\StairClimberProg\StairClimberProg\ArduinoCore\Debug\libArduinoCore.a(Print.o)
 .group         0x00000000        0x8 C:\Users\Dell\Documents\GitHub\stairsClimber\StairClimberProg\StairClimberProg\ArduinoCore\Debug\libArduinoCore.a(Print.o)
 .group         0x00000000        0x8 C:\Users\Dell\Documents\GitHub\stairsClimber\StairClimberProg\StairClimberProg\ArduinoCore\Debug\libArduinoCore.a(Print.o)
 .group         0x00000000        0x8 C:\Users\Dell\Documents\GitHub\stairsClimber\StairClimberProg\StairClimberProg\ArduinoCore\Debug\libArduinoCore.a(Print.o)
 .text          0x00000000        0x0 C:\Users\Dell\Documents\GitHub\stairsClimber\StairClimberProg\StairClimberProg\ArduinoCore\Debug\libArduinoCore.a(Print.o)
 .data          0x00000000        0x0 C:\Users\Dell\Documents\GitHub\stairsClimber\StairClimberProg\StairClimberProg\ArduinoCore\Debug\libArduinoCore.a(Print.o)
 .bss           0x00000000        0x0 C:\Users\Dell\Documents\GitHub\stairsClimber\StairClimberProg\StairClimberProg\ArduinoCore\Debug\libArduinoCore.a(Print.o)
 .text._ZN5Print17availableForWriteEv
                0x00000000        0x6 C:\Users\Dell\Documents\GitHub\stairsClimber\StairClimberProg\StairClimberProg\ArduinoCore\Debug\libArduinoCore.a(Print.o)
 .text._ZN5Print5flushEv
                0x00000000        0x2 C:\Users\Dell\Documents\GitHub\stairsClimber\StairClimberProg\StairClimberProg\ArduinoCore\Debug\libArduinoCore.a(Print.o)
 .text._ZN5Print5writeEPKc
                0x00000000       0x2a C:\Users\Dell\Documents\GitHub\stairsClimber\StairClimberProg\StairClimberProg\ArduinoCore\Debug\libArduinoCore.a(Print.o)
 .text._ZN5Print5printEPK19__FlashStringHelper
                0x00000000       0x48 C:\Users\Dell\Documents\GitHub\stairsClimber\StairClimberProg\StairClimberProg\ArduinoCore\Debug\libArduinoCore.a(Print.o)
 .text._ZN5Print5printERK6String
                0x00000000       0x1c C:\Users\Dell\Documents\GitHub\stairsClimber\StairClimberProg\StairClimberProg\ArduinoCore\Debug\libArduinoCore.a(Print.o)
 .text._ZN5Print5printEPKc
                0x00000000        0x4 C:\Users\Dell\Documents\GitHub\stairsClimber\StairClimberProg\StairClimberProg\ArduinoCore\Debug\libArduinoCore.a(Print.o)
 .text._ZN5Print5printEc
                0x00000000        0xe C:\Users\Dell\Documents\GitHub\stairsClimber\StairClimberProg\StairClimberProg\ArduinoCore\Debug\libArduinoCore.a(Print.o)
 .text._ZN5Print5printERK9Printable
                0x00000000       0x14 C:\Users\Dell\Documents\GitHub\stairsClimber\StairClimberProg\StairClimberProg\ArduinoCore\Debug\libArduinoCore.a(Print.o)
 .rodata.str1.1
                0x00000000        0xf C:\Users\Dell\Documents\GitHub\stairsClimber\StairClimberProg\StairClimberProg\ArduinoCore\Debug\libArduinoCore.a(Print.o)
 .text._ZN5Print7printlnEv
                0x00000000        0x8 C:\Users\Dell\Documents\GitHub\stairsClimber\StairClimberProg\StairClimberProg\ArduinoCore\Debug\libArduinoCore.a(Print.o)
 .text._ZN5Print7printlnEPK19__FlashStringHelper
                0x00000000       0x24 C:\Users\Dell\Documents\GitHub\stairsClimber\StairClimberProg\StairClimberProg\ArduinoCore\Debug\libArduinoCore.a(Print.o)
 .text._ZN5Print7printlnERK6String
                0x00000000       0x24 C:\Users\Dell\Documents\GitHub\stairsClimber\StairClimberProg\StairClimberProg\ArduinoCore\Debug\libArduinoCore.a(Print.o)
 .text._ZN5Print7printlnEPKc
                0x00000000       0x24 C:\Users\Dell\Documents\GitHub\stairsClimber\StairClimberProg\StairClimberProg\ArduinoCore\Debug\libArduinoCore.a(Print.o)
 .text._ZN5Print7printlnEc
                0x00000000       0x24 C:\Users\Dell\Documents\GitHub\stairsClimber\StairClimberProg\StairClimberProg\ArduinoCore\Debug\libArduinoCore.a(Print.o)
 .text._ZN5Print7printlnERK9Printable
                0x00000000       0x24 C:\Users\Dell\Documents\GitHub\stairsClimber\StairClimberProg\StairClimberProg\ArduinoCore\Debug\libArduinoCore.a(Print.o)
 .text._ZN5Print11printNumberEmh
                0x00000000       0x92 C:\Users\Dell\Documents\GitHub\stairsClimber\StairClimberProg\StairClimberProg\ArduinoCore\Debug\libArduinoCore.a(Print.o)
 .text._ZN5Print5printEmi
                0x00000000       0x1a C:\Users\Dell\Documents\GitHub\stairsClimber\StairClimberProg\StairClimberProg\ArduinoCore\Debug\libArduinoCore.a(Print.o)
 .text._ZN5Print5printEhi
                0x00000000        0xe C:\Users\Dell\Documents\GitHub\stairsClimber\StairClimberProg\StairClimberProg\ArduinoCore\Debug\libArduinoCore.a(Print.o)
 .text._ZN5Print7printlnEhi
                0x00000000       0x24 C:\Users\Dell\Documents\GitHub\stairsClimber\StairClimberProg\StairClimberProg\ArduinoCore\Debug\libArduinoCore.a(Print.o)
 .text._ZN5Print5printEji
                0x00000000        0xc C:\Users\Dell\Documents\GitHub\stairsClimber\StairClimberProg\StairClimberProg\ArduinoCore\Debug\libArduinoCore.a(Print.o)
 .text._ZN5Print7printlnEji
                0x00000000       0x24 C:\Users\Dell\Documents\GitHub\stairsClimber\StairClimberProg\StairClimberProg\ArduinoCore\Debug\libArduinoCore.a(Print.o)
 .text._ZN5Print7printlnEmi
                0x00000000       0x24 C:\Users\Dell\Documents\GitHub\stairsClimber\StairClimberProg\StairClimberProg\ArduinoCore\Debug\libArduinoCore.a(Print.o)
 .text._ZN5Print5printEli
                0x00000000       0x90 C:\Users\Dell\Documents\GitHub\stairsClimber\StairClimberProg\StairClimberProg\ArduinoCore\Debug\libArduinoCore.a(Print.o)
 .text._ZN5Print5printEii
                0x00000000        0xe C:\Users\Dell\Documents\GitHub\stairsClimber\StairClimberProg\StairClimberProg\ArduinoCore\Debug\libArduinoCore.a(Print.o)
 .text._ZN5Print7printlnEii
                0x00000000       0x24 C:\Users\Dell\Documents\GitHub\stairsClimber\StairClimberProg\StairClimberProg\ArduinoCore\Debug\libArduinoCore.a(Print.o)
 .text._ZN5Print7printlnEli
                0x00000000       0x24 C:\Users\Dell\Documents\GitHub\stairsClimber\StairClimberProg\StairClimberProg\ArduinoCore\Debug\libArduinoCore.a(Print.o)
 .text._ZN5Print10printFloatEdh
                0x00000000      0x1b6 C:\Users\Dell\Documents\GitHub\stairsClimber\StairClimberProg\StairClimberProg\ArduinoCore\Debug\libArduinoCore.a(Print.o)
 .text._ZN5Print5printEdi
                0x00000000        0x4 C:\Users\Dell\Documents\GitHub\stairsClimber\StairClimberProg\StairClimberProg\ArduinoCore\Debug\libArduinoCore.a(Print.o)
 .text._ZN5Print7printlnEdi
                0x00000000       0x24 C:\Users\Dell\Documents\GitHub\stairsClimber\StairClimberProg\StairClimberProg\ArduinoCore\Debug\libArduinoCore.a(Print.o)
 .rodata._ZTV5Print
                0x00000000        0xc C:\Users\Dell\Documents\GitHub\stairsClimber\StairClimberProg\StairClimberProg\ArduinoCore\Debug\libArduinoCore.a(Print.o)
 .text          0x00000000        0x0 C:\Users\Dell\Documents\GitHub\stairsClimber\StairClimberProg\StairClimberProg\ArduinoCore\Debug\libArduinoCore.a(wiring.o)
 .data          0x00000000        0x0 C:\Users\Dell\Documents\GitHub\stairsClimber\StairClimberProg\StairClimberProg\ArduinoCore\Debug\libArduinoCore.a(wiring.o)
 .bss           0x00000000        0x0 C:\Users\Dell\Documents\GitHub\stairsClimber\StairClimberProg\StairClimberProg\ArduinoCore\Debug\libArduinoCore.a(wiring.o)
 .text.millis   0x00000000       0x18 C:\Users\Dell\Documents\GitHub\stairsClimber\StairClimberProg\StairClimberProg\ArduinoCore\Debug\libArduinoCore.a(wiring.o)
 .text.delayMicroseconds
                0x00000000       0x16 C:\Users\Dell\Documents\GitHub\stairsClimber\StairClimberProg\StairClimberProg\ArduinoCore\Debug\libArduinoCore.a(wiring.o)
 .text          0x00000000        0x0 C:\Users\Dell\Documents\GitHub\stairsClimber\StairClimberProg\StairClimberProg\ArduinoCore\Debug\libArduinoCore.a(wiring_analog.o)
 .data          0x00000000        0x0 C:\Users\Dell\Documents\GitHub\stairsClimber\StairClimberProg\StairClimberProg\ArduinoCore\Debug\libArduinoCore.a(wiring_analog.o)
 .bss           0x00000000        0x0 C:\Users\Dell\Documents\GitHub\stairsClimber\StairClimberProg\StairClimberProg\ArduinoCore\Debug\libArduinoCore.a(wiring_analog.o)
 .text.analogReference
                0x00000000        0x6 C:\Users\Dell\Documents\GitHub\stairsClimber\StairClimberProg\StairClimberProg\ArduinoCore\Debug\libArduinoCore.a(wiring_analog.o)
 .text.analogWrite
                0x00000000       0xbe C:\Users\Dell\Documents\GitHub\stairsClimber\StairClimberProg\StairClimberProg\ArduinoCore\Debug\libArduinoCore.a(wiring_analog.o)
 .text          0x00000000        0x0 C:\Users\Dell\Documents\GitHub\stairsClimber\StairClimberProg\StairClimberProg\ArduinoCore\Debug\libArduinoCore.a(wiring_digital.o)
 .data          0x00000000        0x0 C:\Users\Dell\Documents\GitHub\stairsClimber\StairClimberProg\StairClimberProg\ArduinoCore\Debug\libArduinoCore.a(wiring_digital.o)
 .bss           0x00000000        0x0 C:\Users\Dell\Documents\GitHub\stairsClimber\StairClimberProg\StairClimberProg\ArduinoCore\Debug\libArduinoCore.a(wiring_digital.o)
 .text.digitalRead
                0x00000000       0x52 C:\Users\Dell\Documents\GitHub\stairsClimber\StairClimberProg\StairClimberProg\ArduinoCore\Debug\libArduinoCore.a(wiring_digital.o)
 .text          0x00000000        0x0 C:\Users\Dell\Documents\GitHub\stairsClimber\StairClimberProg\StairClimberProg\ArduinoCore\Debug\libArduinoCore.a(wiring_pulse.o)
 .data          0x00000000        0x0 C:\Users\Dell\Documents\GitHub\stairsClimber\StairClimberProg\StairClimberProg\ArduinoCore\Debug\libArduinoCore.a(wiring_pulse.o)
 .bss           0x00000000        0x0 C:\Users\Dell\Documents\GitHub\stairsClimber\StairClimberProg\StairClimberProg\ArduinoCore\Debug\libArduinoCore.a(wiring_pulse.o)
 .text.pulseIn  0x00000000       0x64 C:\Users\Dell\Documents\GitHub\stairsClimber\StairClimberProg\StairClimberProg\ArduinoCore\Debug\libArduinoCore.a(wiring_pulse.o)
 .text.pulseInLong
                0x00000000      0x10a C:\Users\Dell\Documents\GitHub\stairsClimber\StairClimberProg\StairClimberProg\ArduinoCore\Debug\libArduinoCore.a(wiring_pulse.o)
 .debug_info    0x00000000      0x470 C:\Users\Dell\Documents\GitHub\stairsClimber\StairClimberProg\StairClimberProg\ArduinoCore\Debug\libArduinoCore.a(wiring_pulse.o)
 .debug_abbrev  0x00000000      0x121 C:\Users\Dell\Documents\GitHub\stairsClimber\StairClimberProg\StairClimberProg\ArduinoCore\Debug\libArduinoCore.a(wiring_pulse.o)
 .debug_loc     0x00000000      0x479 C:\Users\Dell\Documents\GitHub\stairsClimber\StairClimberProg\StairClimberProg\ArduinoCore\Debug\libArduinoCore.a(wiring_pulse.o)
 .debug_aranges
                0x00000000       0x28 C:\Users\Dell\Documents\GitHub\stairsClimber\StairClimberProg\StairClimberProg\ArduinoCore\Debug\libArduinoCore.a(wiring_pulse.o)
 .debug_ranges  0x00000000       0x18 C:\Users\Dell\Documents\GitHub\stairsClimber\StairClimberProg\StairClimberProg\ArduinoCore\Debug\libArduinoCore.a(wiring_pulse.o)
 .debug_line    0x00000000      0x1b6 C:\Users\Dell\Documents\GitHub\stairsClimber\StairClimberProg\StairClimberProg\ArduinoCore\Debug\libArduinoCore.a(wiring_pulse.o)
 .debug_str     0x00000000      0x296 C:\Users\Dell\Documents\GitHub\stairsClimber\StairClimberProg\StairClimberProg\ArduinoCore\Debug\libArduinoCore.a(wiring_pulse.o)
 .comment       0x00000000       0x31 C:\Users\Dell\Documents\GitHub\stairsClimber\StairClimberProg\StairClimberProg\ArduinoCore\Debug\libArduinoCore.a(wiring_pulse.o)
 .debug_frame   0x00000000       0x90 C:\Users\Dell\Documents\GitHub\stairsClimber\StairClimberProg\StairClimberProg\ArduinoCore\Debug\libArduinoCore.a(wiring_pulse.o)
 .text          0x00000000        0x0 C:\Users\Dell\Documents\GitHub\stairsClimber\StairClimberProg\StairClimberProg\ArduinoCore\Debug\libArduinoCore.a(abi.o)
 .data          0x00000000        0x0 C:\Users\Dell\Documents\GitHub\stairsClimber\StairClimberProg\StairClimberProg\ArduinoCore\Debug\libArduinoCore.a(abi.o)
 .bss           0x00000000        0x0 C:\Users\Dell\Documents\GitHub\stairsClimber\StairClimberProg\StairClimberProg\ArduinoCore\Debug\libArduinoCore.a(abi.o)
 .text.__cxa_pure_virtual
                0x00000000        0x4 C:\Users\Dell\Documents\GitHub\stairsClimber\StairClimberProg\StairClimberProg\ArduinoCore\Debug\libArduinoCore.a(abi.o)
 .text.__cxa_deleted_virtual
                0x00000000        0x4 C:\Users\Dell\Documents\GitHub\stairsClimber\StairClimberProg\StairClimberProg\ArduinoCore\Debug\libArduinoCore.a(abi.o)
 .debug_info    0x00000000       0x76 C:\Users\Dell\Documents\GitHub\stairsClimber\StairClimberProg\StairClimberProg\ArduinoCore\Debug\libArduinoCore.a(abi.o)
 .debug_abbrev  0x00000000       0x6d C:\Users\Dell\Documents\GitHub\stairsClimber\StairClimberProg\StairClimberProg\ArduinoCore\Debug\libArduinoCore.a(abi.o)
 .debug_aranges
                0x00000000       0x20 C:\Users\Dell\Documents\GitHub\stairsClimber\StairClimberProg\StairClimberProg\ArduinoCore\Debug\libArduinoCore.a(abi.o)
 .debug_ranges  0x00000000       0x10 C:\Users\Dell\Documents\GitHub\stairsClimber\StairClimberProg\StairClimberProg\ArduinoCore\Debug\libArduinoCore.a(abi.o)
 .debug_line    0x00000000       0xa9 C:\Users\Dell\Documents\GitHub\stairsClimber\StairClimberProg\StairClimberProg\ArduinoCore\Debug\libArduinoCore.a(abi.o)
 .debug_str     0x00000000      0x1aa C:\Users\Dell\Documents\GitHub\stairsClimber\StairClimberProg\StairClimberProg\ArduinoCore\Debug\libArduinoCore.a(abi.o)
 .comment       0x00000000       0x31 C:\Users\Dell\Documents\GitHub\stairsClimber\StairClimberProg\StairClimberProg\ArduinoCore\Debug\libArduinoCore.a(abi.o)
 .debug_frame   0x00000000       0x34 C:\Users\Dell\Documents\GitHub\stairsClimber\StairClimberProg\StairClimberProg\ArduinoCore\Debug\libArduinoCore.a(abi.o)
 .text          0x00000000        0x0 C:\Users\Dell\Documents\GitHub\stairsClimber\StairClimberProg\StairClimberProg\ArduinoCore\Debug\libArduinoCore.a(hooks.o)
 .data          0x00000000        0x0 C:\Users\Dell\Documents\GitHub\stairsClimber\StairClimberProg\StairClimberProg\ArduinoCore\Debug\libArduinoCore.a(hooks.o)
 .bss           0x00000000        0x0 C:\Users\Dell\Documents\GitHub\stairsClimber\StairClimberProg\StairClimberProg\ArduinoCore\Debug\libArduinoCore.a(hooks.o)
 .text          0x00000000       0x8a C:\Users\Dell\Documents\GitHub\stairsClimber\StairClimberProg\StairClimberProg\ArduinoCore\Debug\libArduinoCore.a(wiring_pulse.o)
 .data          0x00000000        0x0 C:\Users\Dell\Documents\GitHub\stairsClimber\StairClimberProg\StairClimberProg\ArduinoCore\Debug\libArduinoCore.a(wiring_pulse.o)
 .bss           0x00000000        0x0 C:\Users\Dell\Documents\GitHub\stairsClimber\StairClimberProg\StairClimberProg\ArduinoCore\Debug\libArduinoCore.a(wiring_pulse.o)
 .debug_line    0x00000000      0x1f6 C:\Users\Dell\Documents\GitHub\stairsClimber\StairClimberProg\StairClimberProg\ArduinoCore\Debug\libArduinoCore.a(wiring_pulse.o)
 .debug_info    0x00000000       0xb8 C:\Users\Dell\Documents\GitHub\stairsClimber\StairClimberProg\StairClimberProg\ArduinoCore\Debug\libArduinoCore.a(wiring_pulse.o)
 .debug_abbrev  0x00000000       0x14 C:\Users\Dell\Documents\GitHub\stairsClimber\StairClimberProg\StairClimberProg\ArduinoCore\Debug\libArduinoCore.a(wiring_pulse.o)
 .debug_aranges
                0x00000000       0x20 C:\Users\Dell\Documents\GitHub\stairsClimber\StairClimberProg\StairClimberProg\ArduinoCore\Debug\libArduinoCore.a(wiring_pulse.o)
 .text          0x00000000        0x0 c:/program files (x86)/atmel/studio/7.0/toolchain/avr8/avr8-gnu-toolchain/bin/../lib/gcc/avr/5.4.0/../../../../avr/lib/avr5\libm.a(addsf3.o)
 .data          0x00000000        0x0 c:/program files (x86)/atmel/studio/7.0/toolchain/avr8/avr8-gnu-toolchain/bin/../lib/gcc/avr/5.4.0/../../../../avr/lib/avr5\libm.a(addsf3.o)
 .bss           0x00000000        0x0 c:/program files (x86)/atmel/studio/7.0/toolchain/avr8/avr8-gnu-toolchain/bin/../lib/gcc/avr/5.4.0/../../../../avr/lib/avr5\libm.a(addsf3.o)
 .text.avr-libc.fplib
                0x00000000        0xe c:/program files (x86)/atmel/studio/7.0/toolchain/avr8/avr8-gnu-toolchain/bin/../lib/gcc/avr/5.4.0/../../../../avr/lib/avr5\libm.a(addsf3.o)
 .text          0x00000000        0x0 c:/program files (x86)/atmel/studio/7.0/toolchain/avr8/avr8-gnu-toolchain/bin/../lib/gcc/avr/5.4.0/../../../../avr/lib/avr5\libm.a(addsf3x.o)
 .data          0x00000000        0x0 c:/program files (x86)/atmel/studio/7.0/toolchain/avr8/avr8-gnu-toolchain/bin/../lib/gcc/avr/5.4.0/../../../../avr/lib/avr5\libm.a(addsf3x.o)
 .bss           0x00000000        0x0 c:/program files (x86)/atmel/studio/7.0/toolchain/avr8/avr8-gnu-toolchain/bin/../lib/gcc/avr/5.4.0/../../../../avr/lib/avr5\libm.a(addsf3x.o)
 .text.avr-libc.fplib
                0x00000000       0xcc c:/program files (x86)/atmel/studio/7.0/toolchain/avr8/avr8-gnu-toolchain/bin/../lib/gcc/avr/5.4.0/../../../../avr/lib/avr5\libm.a(addsf3x.o)
 .text          0x00000000        0x0 c:/program files (x86)/atmel/studio/7.0/toolchain/avr8/avr8-gnu-toolchain/bin/../lib/gcc/avr/5.4.0/../../../../avr/lib/avr5\libm.a(cmpsf2.o)
 .data          0x00000000        0x0 c:/program files (x86)/atmel/studio/7.0/toolchain/avr8/avr8-gnu-toolchain/bin/../lib/gcc/avr/5.4.0/../../../../avr/lib/avr5\libm.a(cmpsf2.o)
 .bss           0x00000000        0x0 c:/program files (x86)/atmel/studio/7.0/toolchain/avr8/avr8-gnu-toolchain/bin/../lib/gcc/avr/5.4.0/../../../../avr/lib/avr5\libm.a(cmpsf2.o)
 .text.avr-libc.fplib
                0x00000000        0xa c:/program files (x86)/atmel/studio/7.0/toolchain/avr8/avr8-gnu-toolchain/bin/../lib/gcc/avr/5.4.0/../../../../avr/lib/avr5\libm.a(cmpsf2.o)
 .text          0x00000000        0x0 c:/program files (x86)/atmel/studio/7.0/toolchain/avr8/avr8-gnu-toolchain/bin/../lib/gcc/avr/5.4.0/../../../../avr/lib/avr5\libm.a(divsf3.o)
 .data          0x00000000        0x0 c:/program files (x86)/atmel/studio/7.0/toolchain/avr8/avr8-gnu-toolchain/bin/../lib/gcc/avr/5.4.0/../../../../avr/lib/avr5\libm.a(divsf3.o)
 .bss           0x00000000        0x0 c:/program files (x86)/atmel/studio/7.0/toolchain/avr8/avr8-gnu-toolchain/bin/../lib/gcc/avr/5.4.0/../../../../avr/lib/avr5\libm.a(divsf3.o)
 .text.avr-libc.fplib
                0x00000000        0x8 c:/program files (x86)/atmel/studio/7.0/toolchain/avr8/avr8-gnu-toolchain/bin/../lib/gcc/avr/5.4.0/../../../../avr/lib/avr5\libm.a(divsf3.o)
 .text          0x00000000        0x0 c:/program files (x86)/atmel/studio/7.0/toolchain/avr8/avr8-gnu-toolchain/bin/../lib/gcc/avr/5.4.0/../../../../avr/lib/avr5\libm.a(divsf3x.o)
 .data          0x00000000        0x0 c:/program files (x86)/atmel/studio/7.0/toolchain/avr8/avr8-gnu-toolchain/bin/../lib/gcc/avr/5.4.0/../../../../avr/lib/avr5\libm.a(divsf3x.o)
 .bss           0x00000000        0x0 c:/program files (x86)/atmel/studio/7.0/toolchain/avr8/avr8-gnu-toolchain/bin/../lib/gcc/avr/5.4.0/../../../../avr/lib/avr5\libm.a(divsf3x.o)
 .text.avr-libc.fplib
                0x00000000       0xdc c:/program files (x86)/atmel/studio/7.0/toolchain/avr8/avr8-gnu-toolchain/bin/../lib/gcc/avr/5.4.0/../../../../avr/lib/avr5\libm.a(divsf3x.o)
 .text          0x00000000        0x0 c:/program files (x86)/atmel/studio/7.0/toolchain/avr8/avr8-gnu-toolchain/bin/../lib/gcc/avr/5.4.0/../../../../avr/lib/avr5\libm.a(fixunssfsi.o)
 .data          0x00000000        0x0 c:/program files (x86)/atmel/studio/7.0/toolchain/avr8/avr8-gnu-toolchain/bin/../lib/gcc/avr/5.4.0/../../../../avr/lib/avr5\libm.a(fixunssfsi.o)
 .bss           0x00000000        0x0 c:/program files (x86)/atmel/studio/7.0/toolchain/avr8/avr8-gnu-toolchain/bin/../lib/gcc/avr/5.4.0/../../../../avr/lib/avr5\libm.a(fixunssfsi.o)
 .text.avr-libc.fplib
                0x00000000       0x5e c:/program files (x86)/atmel/studio/7.0/toolchain/avr8/avr8-gnu-toolchain/bin/../lib/gcc/avr/5.4.0/../../../../avr/lib/avr5\libm.a(fixunssfsi.o)
 .text          0x00000000        0x0 c:/program files (x86)/atmel/studio/7.0/toolchain/avr8/avr8-gnu-toolchain/bin/../lib/gcc/avr/5.4.0/../../../../avr/lib/avr5\libm.a(floatsisf.o)
 .data          0x00000000        0x0 c:/program files (x86)/atmel/studio/7.0/toolchain/avr8/avr8-gnu-toolchain/bin/../lib/gcc/avr/5.4.0/../../../../avr/lib/avr5\libm.a(floatsisf.o)
 .bss           0x00000000        0x0 c:/program files (x86)/atmel/studio/7.0/toolchain/avr8/avr8-gnu-toolchain/bin/../lib/gcc/avr/5.4.0/../../../../avr/lib/avr5\libm.a(floatsisf.o)
 .text.avr-libc.fplib
                0x00000000       0x7a c:/program files (x86)/atmel/studio/7.0/toolchain/avr8/avr8-gnu-toolchain/bin/../lib/gcc/avr/5.4.0/../../../../avr/lib/avr5\libm.a(floatsisf.o)
 .text          0x00000000        0x0 c:/program files (x86)/atmel/studio/7.0/toolchain/avr8/avr8-gnu-toolchain/bin/../lib/gcc/avr/5.4.0/../../../../avr/lib/avr5\libm.a(fp_cmp.o)
 .data          0x00000000        0x0 c:/program files (x86)/atmel/studio/7.0/toolchain/avr8/avr8-gnu-toolchain/bin/../lib/gcc/avr/5.4.0/../../../../avr/lib/avr5\libm.a(fp_cmp.o)
 .bss           0x00000000        0x0 c:/program files (x86)/atmel/studio/7.0/toolchain/avr8/avr8-gnu-toolchain/bin/../lib/gcc/avr/5.4.0/../../../../avr/lib/avr5\libm.a(fp_cmp.o)
 .text.avr-libc.fplib
                0x00000000       0x48 c:/program files (x86)/atmel/studio/7.0/toolchain/avr8/avr8-gnu-toolchain/bin/../lib/gcc/avr/5.4.0/../../../../avr/lib/avr5\libm.a(fp_cmp.o)
 .text          0x00000000        0x0 c:/program files (x86)/atmel/studio/7.0/toolchain/avr8/avr8-gnu-toolchain/bin/../lib/gcc/avr/5.4.0/../../../../avr/lib/avr5\libm.a(fp_inf.o)
 .data          0x00000000        0x0 c:/program files (x86)/atmel/studio/7.0/toolchain/avr8/avr8-gnu-toolchain/bin/../lib/gcc/avr/5.4.0/../../../../avr/lib/avr5\libm.a(fp_inf.o)
 .bss           0x00000000        0x0 c:/program files (x86)/atmel/studio/7.0/toolchain/avr8/avr8-gnu-toolchain/bin/../lib/gcc/avr/5.4.0/../../../../avr/lib/avr5\libm.a(fp_inf.o)
 .text.avr-libc.fplib
                0x00000000        0xc c:/program files (x86)/atmel/studio/7.0/toolchain/avr8/avr8-gnu-toolchain/bin/../lib/gcc/avr/5.4.0/../../../../avr/lib/avr5\libm.a(fp_inf.o)
 .text          0x00000000        0x0 c:/program files (x86)/atmel/studio/7.0/toolchain/avr8/avr8-gnu-toolchain/bin/../lib/gcc/avr/5.4.0/../../../../avr/lib/avr5\libm.a(fp_nan.o)
 .data          0x00000000        0x0 c:/program files (x86)/atmel/studio/7.0/toolchain/avr8/avr8-gnu-toolchain/bin/../lib/gcc/avr/5.4.0/../../../../avr/lib/avr5\libm.a(fp_nan.o)
 .bss           0x00000000        0x0 c:/program files (x86)/atmel/studio/7.0/toolchain/avr8/avr8-gnu-toolchain/bin/../lib/gcc/avr/5.4.0/../../../../avr/lib/avr5\libm.a(fp_nan.o)
 .text.avr-libc.fplib
                0x00000000        0x6 c:/program files (x86)/atmel/studio/7.0/toolchain/avr8/avr8-gnu-toolchain/bin/../lib/gcc/avr/5.4.0/../../../../avr/lib/avr5\libm.a(fp_nan.o)
 .text          0x00000000        0x0 c:/program files (x86)/atmel/studio/7.0/toolchain/avr8/avr8-gnu-toolchain/bin/../lib/gcc/avr/5.4.0/../../../../avr/lib/avr5\libm.a(fp_pscA.o)
 .data          0x00000000        0x0 c:/program files (x86)/atmel/studio/7.0/toolchain/avr8/avr8-gnu-toolchain/bin/../lib/gcc/avr/5.4.0/../../../../avr/lib/avr5\libm.a(fp_pscA.o)
 .bss           0x00000000        0x0 c:/program files (x86)/atmel/studio/7.0/toolchain/avr8/avr8-gnu-toolchain/bin/../lib/gcc/avr/5.4.0/../../../../avr/lib/avr5\libm.a(fp_pscA.o)
 .text.avr-libc.fplib
                0x00000000        0xe c:/program files (x86)/atmel/studio/7.0/toolchain/avr8/avr8-gnu-toolchain/bin/../lib/gcc/avr/5.4.0/../../../../avr/lib/avr5\libm.a(fp_pscA.o)
 .text          0x00000000        0x0 c:/program files (x86)/atmel/studio/7.0/toolchain/avr8/avr8-gnu-toolchain/bin/../lib/gcc/avr/5.4.0/../../../../avr/lib/avr5\libm.a(fp_pscB.o)
 .data          0x00000000        0x0 c:/program files (x86)/atmel/studio/7.0/toolchain/avr8/avr8-gnu-toolchain/bin/../lib/gcc/avr/5.4.0/../../../../avr/lib/avr5\libm.a(fp_pscB.o)
 .bss           0x00000000        0x0 c:/program files (x86)/atmel/studio/7.0/toolchain/avr8/avr8-gnu-toolchain/bin/../lib/gcc/avr/5.4.0/../../../../avr/lib/avr5\libm.a(fp_pscB.o)
 .text.avr-libc.fplib
                0x00000000        0xe c:/program files (x86)/atmel/studio/7.0/toolchain/avr8/avr8-gnu-toolchain/bin/../lib/gcc/avr/5.4.0/../../../../avr/lib/avr5\libm.a(fp_pscB.o)
 .text          0x00000000        0x0 c:/program files (x86)/atmel/studio/7.0/toolchain/avr8/avr8-gnu-toolchain/bin/../lib/gcc/avr/5.4.0/../../../../avr/lib/avr5\libm.a(fp_round.o)
 .data          0x00000000        0x0 c:/program files (x86)/atmel/studio/7.0/toolchain/avr8/avr8-gnu-toolchain/bin/../lib/gcc/avr/5.4.0/../../../../avr/lib/avr5\libm.a(fp_round.o)
 .bss           0x00000000        0x0 c:/program files (x86)/atmel/studio/7.0/toolchain/avr8/avr8-gnu-toolchain/bin/../lib/gcc/avr/5.4.0/../../../../avr/lib/avr5\libm.a(fp_round.o)
 .text.avr-libc.fplib
                0x00000000       0x22 c:/program files (x86)/atmel/studio/7.0/toolchain/avr8/avr8-gnu-toolchain/bin/../lib/gcc/avr/5.4.0/../../../../avr/lib/avr5\libm.a(fp_round.o)
 .text          0x00000000        0x0 c:/program files (x86)/atmel/studio/7.0/toolchain/avr8/avr8-gnu-toolchain/bin/../lib/gcc/avr/5.4.0/../../../../avr/lib/avr5\libm.a(fp_split3.o)
 .data          0x00000000        0x0 c:/program files (x86)/atmel/studio/7.0/toolchain/avr8/avr8-gnu-toolchain/bin/../lib/gcc/avr/5.4.0/../../../../avr/lib/avr5\libm.a(fp_split3.o)
 .bss           0x00000000        0x0 c:/program files (x86)/atmel/studio/7.0/toolchain/avr8/avr8-gnu-toolchain/bin/../lib/gcc/avr/5.4.0/../../../../avr/lib/avr5\libm.a(fp_split3.o)
 .text.avr-libc.fplib
                0x00000000       0x44 c:/program files (x86)/atmel/studio/7.0/toolchain/avr8/avr8-gnu-toolchain/bin/../lib/gcc/avr/5.4.0/../../../../avr/lib/avr5\libm.a(fp_split3.o)
 .text          0x00000000        0x0 c:/program files (x86)/atmel/studio/7.0/toolchain/avr8/avr8-gnu-toolchain/bin/../lib/gcc/avr/5.4.0/../../../../avr/lib/avr5\libm.a(fp_zero.o)
 .data          0x00000000        0x0 c:/program files (x86)/atmel/studio/7.0/toolchain/avr8/avr8-gnu-toolchain/bin/../lib/gcc/avr/5.4.0/../../../../avr/lib/avr5\libm.a(fp_zero.o)
 .bss           0x00000000        0x0 c:/program files (x86)/atmel/studio/7.0/toolchain/avr8/avr8-gnu-toolchain/bin/../lib/gcc/avr/5.4.0/../../../../avr/lib/avr5\libm.a(fp_zero.o)
 .text.avr-libc.fplib
                0x00000000        0xe c:/program files (x86)/atmel/studio/7.0/toolchain/avr8/avr8-gnu-toolchain/bin/../lib/gcc/avr/5.4.0/../../../../avr/lib/avr5\libm.a(fp_zero.o)
 .text          0x00000000        0x0 c:/program files (x86)/atmel/studio/7.0/toolchain/avr8/avr8-gnu-toolchain/bin/../lib/gcc/avr/5.4.0/../../../../avr/lib/avr5\libm.a(gesf2.o)
 .data          0x00000000        0x0 c:/program files (x86)/atmel/studio/7.0/toolchain/avr8/avr8-gnu-toolchain/bin/../lib/gcc/avr/5.4.0/../../../../avr/lib/avr5\libm.a(gesf2.o)
 .bss           0x00000000        0x0 c:/program files (x86)/atmel/studio/7.0/toolchain/avr8/avr8-gnu-toolchain/bin/../lib/gcc/avr/5.4.0/../../../../avr/lib/avr5\libm.a(gesf2.o)
 .text.avr-libc.fplib
                0x00000000        0xa c:/program files (x86)/atmel/studio/7.0/toolchain/avr8/avr8-gnu-toolchain/bin/../lib/gcc/avr/5.4.0/../../../../avr/lib/avr5\libm.a(gesf2.o)
 .text          0x00000000        0x0 c:/program files (x86)/atmel/studio/7.0/toolchain/avr8/avr8-gnu-toolchain/bin/../lib/gcc/avr/5.4.0/../../../../avr/lib/avr5\libm.a(mulsf3.o)
 .data          0x00000000        0x0 c:/program files (x86)/atmel/studio/7.0/toolchain/avr8/avr8-gnu-toolchain/bin/../lib/gcc/avr/5.4.0/../../../../avr/lib/avr5\libm.a(mulsf3.o)
 .bss           0x00000000        0x0 c:/program files (x86)/atmel/studio/7.0/toolchain/avr8/avr8-gnu-toolchain/bin/../lib/gcc/avr/5.4.0/../../../../avr/lib/avr5\libm.a(mulsf3.o)
 .text.avr-libc.fplib
                0x00000000        0x8 c:/program files (x86)/atmel/studio/7.0/toolchain/avr8/avr8-gnu-toolchain/bin/../lib/gcc/avr/5.4.0/../../../../avr/lib/avr5\libm.a(mulsf3.o)
 .text          0x00000000        0x0 c:/program files (x86)/atmel/studio/7.0/toolchain/avr8/avr8-gnu-toolchain/bin/../lib/gcc/avr/5.4.0/../../../../avr/lib/avr5\libm.a(mulsf3x.o)
 .data          0x00000000        0x0 c:/program files (x86)/atmel/studio/7.0/toolchain/avr8/avr8-gnu-toolchain/bin/../lib/gcc/avr/5.4.0/../../../../avr/lib/avr5\libm.a(mulsf3x.o)
 .bss           0x00000000        0x0 c:/program files (x86)/atmel/studio/7.0/toolchain/avr8/avr8-gnu-toolchain/bin/../lib/gcc/avr/5.4.0/../../../../avr/lib/avr5\libm.a(mulsf3x.o)
 .text.avr-libc.fplib
                0x00000000       0xd2 c:/program files (x86)/atmel/studio/7.0/toolchain/avr8/avr8-gnu-toolchain/bin/../lib/gcc/avr/5.4.0/../../../../avr/lib/avr5\libm.a(mulsf3x.o)
 .text          0x00000000        0x0 c:/program files (x86)/atmel/studio/7.0/toolchain/avr8/avr8-gnu-toolchain/bin/../lib/gcc/avr/5.4.0/../../../../avr/lib/avr5\libm.a(unordsf2.o)
 .data          0x00000000        0x0 c:/program files (x86)/atmel/studio/7.0/toolchain/avr8/avr8-gnu-toolchain/bin/../lib/gcc/avr/5.4.0/../../../../avr/lib/avr5\libm.a(unordsf2.o)
 .bss           0x00000000        0x0 c:/program files (x86)/atmel/studio/7.0/toolchain/avr8/avr8-gnu-toolchain/bin/../lib/gcc/avr/5.4.0/../../../../avr/lib/avr5\libm.a(unordsf2.o)
 .text.avr-libc.fplib
                0x00000000        0xa c:/program files (x86)/atmel/studio/7.0/toolchain/avr8/avr8-gnu-toolchain/bin/../lib/gcc/avr/5.4.0/../../../../avr/lib/avr5\libm.a(unordsf2.o)
 .text          0x00000000        0x0 c:/program files (x86)/atmel/studio/7.0/toolchain/avr8/avr8-gnu-toolchain/bin/../lib/gcc/avr/5.4.0/avr5\libgcc.a(_divmodhi4.o)
 .data          0x00000000        0x0 c:/program files (x86)/atmel/studio/7.0/toolchain/avr8/avr8-gnu-toolchain/bin/../lib/gcc/avr/5.4.0/avr5\libgcc.a(_divmodhi4.o)
 .bss           0x00000000        0x0 c:/program files (x86)/atmel/studio/7.0/toolchain/avr8/avr8-gnu-toolchain/bin/../lib/gcc/avr/5.4.0/avr5\libgcc.a(_divmodhi4.o)
 .text.libgcc.mul
                0x00000000        0x0 c:/program files (x86)/atmel/studio/7.0/toolchain/avr8/avr8-gnu-toolchain/bin/../lib/gcc/avr/5.4.0/avr5\libgcc.a(_divmodhi4.o)
 .text.libgcc   0x00000000        0x0 c:/program files (x86)/atmel/studio/7.0/toolchain/avr8/avr8-gnu-toolchain/bin/../lib/gcc/avr/5.4.0/avr5\libgcc.a(_divmodhi4.o)
 .text.libgcc.prologue
                0x00000000        0x0 c:/program files (x86)/atmel/studio/7.0/toolchain/avr8/avr8-gnu-toolchain/bin/../lib/gcc/avr/5.4.0/avr5\libgcc.a(_divmodhi4.o)
 .text.libgcc.builtins
                0x00000000        0x0 c:/program files (x86)/atmel/studio/7.0/toolchain/avr8/avr8-gnu-toolchain/bin/../lib/gcc/avr/5.4.0/avr5\libgcc.a(_divmodhi4.o)
 .text.libgcc.fmul
                0x00000000        0x0 c:/program files (x86)/atmel/studio/7.0/toolchain/avr8/avr8-gnu-toolchain/bin/../lib/gcc/avr/5.4.0/avr5\libgcc.a(_divmodhi4.o)
 .text.libgcc.fixed
                0x00000000        0x0 c:/program files (x86)/atmel/studio/7.0/toolchain/avr8/avr8-gnu-toolchain/bin/../lib/gcc/avr/5.4.0/avr5\libgcc.a(_divmodhi4.o)
 .text          0x00000000        0x0 c:/program files (x86)/atmel/studio/7.0/toolchain/avr8/avr8-gnu-toolchain/bin/../lib/gcc/avr/5.4.0/avr5\libgcc.a(_udivmodsi4.o)
 .data          0x00000000        0x0 c:/program files (x86)/atmel/studio/7.0/toolchain/avr8/avr8-gnu-toolchain/bin/../lib/gcc/avr/5.4.0/avr5\libgcc.a(_udivmodsi4.o)
 .bss           0x00000000        0x0 c:/program files (x86)/atmel/studio/7.0/toolchain/avr8/avr8-gnu-toolchain/bin/../lib/gcc/avr/5.4.0/avr5\libgcc.a(_udivmodsi4.o)
 .text.libgcc.mul
                0x00000000        0x0 c:/program files (x86)/atmel/studio/7.0/toolchain/avr8/avr8-gnu-toolchain/bin/../lib/gcc/avr/5.4.0/avr5\libgcc.a(_udivmodsi4.o)
 .text.libgcc   0x00000000        0x0 c:/program files (x86)/atmel/studio/7.0/toolchain/avr8/avr8-gnu-toolchain/bin/../lib/gcc/avr/5.4.0/avr5\libgcc.a(_udivmodsi4.o)
 .text.libgcc.prologue
                0x00000000        0x0 c:/program files (x86)/atmel/studio/7.0/toolchain/avr8/avr8-gnu-toolchain/bin/../lib/gcc/avr/5.4.0/avr5\libgcc.a(_udivmodsi4.o)
 .text.libgcc.builtins
                0x00000000        0x0 c:/program files (x86)/atmel/studio/7.0/toolchain/avr8/avr8-gnu-toolchain/bin/../lib/gcc/avr/5.4.0/avr5\libgcc.a(_udivmodsi4.o)
 .text.libgcc.fmul
                0x00000000        0x0 c:/program files (x86)/atmel/studio/7.0/toolchain/avr8/avr8-gnu-toolchain/bin/../lib/gcc/avr/5.4.0/avr5\libgcc.a(_udivmodsi4.o)
 .text.libgcc.fixed
                0x00000000        0x0 c:/program files (x86)/atmel/studio/7.0/toolchain/avr8/avr8-gnu-toolchain/bin/../lib/gcc/avr/5.4.0/avr5\libgcc.a(_udivmodsi4.o)
 .text          0x00000000        0x0 c:/program files (x86)/atmel/studio/7.0/toolchain/avr8/avr8-gnu-toolchain/bin/../lib/gcc/avr/5.4.0/avr5\libgcc.a(_divmodsi4.o)
 .data          0x00000000        0x0 c:/program files (x86)/atmel/studio/7.0/toolchain/avr8/avr8-gnu-toolchain/bin/../lib/gcc/avr/5.4.0/avr5\libgcc.a(_divmodsi4.o)
 .bss           0x00000000        0x0 c:/program files (x86)/atmel/studio/7.0/toolchain/avr8/avr8-gnu-toolchain/bin/../lib/gcc/avr/5.4.0/avr5\libgcc.a(_divmodsi4.o)
 .text.libgcc.mul
                0x00000000        0x0 c:/program files (x86)/atmel/studio/7.0/toolchain/avr8/avr8-gnu-toolchain/bin/../lib/gcc/avr/5.4.0/avr5\libgcc.a(_divmodsi4.o)
 .text.libgcc   0x00000000        0x0 c:/program files (x86)/atmel/studio/7.0/toolchain/avr8/avr8-gnu-toolchain/bin/../lib/gcc/avr/5.4.0/avr5\libgcc.a(_divmodsi4.o)
 .text.libgcc.prologue
                0x00000000        0x0 c:/program files (x86)/atmel/studio/7.0/toolchain/avr8/avr8-gnu-toolchain/bin/../lib/gcc/avr/5.4.0/avr5\libgcc.a(_divmodsi4.o)
 .text.libgcc.builtins
                0x00000000        0x0 c:/program files (x86)/atmel/studio/7.0/toolchain/avr8/avr8-gnu-toolchain/bin/../lib/gcc/avr/5.4.0/avr5\libgcc.a(_divmodsi4.o)
 .text.libgcc.fmul
                0x00000000        0x0 c:/program files (x86)/atmel/studio/7.0/toolchain/avr8/avr8-gnu-toolchain/bin/../lib/gcc/avr/5.4.0/avr5\libgcc.a(_divmodsi4.o)
 .text.libgcc.fixed
                0x00000000        0x0 c:/program files (x86)/atmel/studio/7.0/toolchain/avr8/avr8-gnu-toolchain/bin/../lib/gcc/avr/5.4.0/avr5\libgcc.a(_divmodsi4.o)
 .text          0x00000000        0x0 c:/program files (x86)/atmel/studio/7.0/toolchain/avr8/avr8-gnu-toolchain/bin/../lib/gcc/avr/5.4.0/avr5\libgcc.a(_negsi2.o)
 .data          0x00000000        0x0 c:/program files (x86)/atmel/studio/7.0/toolchain/avr8/avr8-gnu-toolchain/bin/../lib/gcc/avr/5.4.0/avr5\libgcc.a(_negsi2.o)
 .bss           0x00000000        0x0 c:/program files (x86)/atmel/studio/7.0/toolchain/avr8/avr8-gnu-toolchain/bin/../lib/gcc/avr/5.4.0/avr5\libgcc.a(_negsi2.o)
 .text.libgcc.mul
                0x00000000        0x0 c:/program files (x86)/atmel/studio/7.0/toolchain/avr8/avr8-gnu-toolchain/bin/../lib/gcc/avr/5.4.0/avr5\libgcc.a(_negsi2.o)
 .text.libgcc   0x00000000        0x0 c:/program files (x86)/atmel/studio/7.0/toolchain/avr8/avr8-gnu-toolchain/bin/../lib/gcc/avr/5.4.0/avr5\libgcc.a(_negsi2.o)
 .text.libgcc.prologue
                0x00000000        0x0 c:/program files (x86)/atmel/studio/7.0/toolchain/avr8/avr8-gnu-toolchain/bin/../lib/gcc/avr/5.4.0/avr5\libgcc.a(_negsi2.o)
 .text.libgcc.builtins
                0x00000000        0x0 c:/program files (x86)/atmel/studio/7.0/toolchain/avr8/avr8-gnu-toolchain/bin/../lib/gcc/avr/5.4.0/avr5\libgcc.a(_negsi2.o)
 .text.libgcc.fmul
                0x00000000        0x0 c:/program files (x86)/atmel/studio/7.0/toolchain/avr8/avr8-gnu-toolchain/bin/../lib/gcc/avr/5.4.0/avr5\libgcc.a(_negsi2.o)
 .text.libgcc.fixed
                0x00000000        0x0 c:/program files (x86)/atmel/studio/7.0/toolchain/avr8/avr8-gnu-toolchain/bin/../lib/gcc/avr/5.4.0/avr5\libgcc.a(_negsi2.o)
 .text          0x00000000        0x0 c:/program files (x86)/atmel/studio/7.0/toolchain/avr8/avr8-gnu-toolchain/bin/../lib/gcc/avr/5.4.0/avr5\libgcc.a(_exit.o)
 .data          0x00000000        0x0 c:/program files (x86)/atmel/studio/7.0/toolchain/avr8/avr8-gnu-toolchain/bin/../lib/gcc/avr/5.4.0/avr5\libgcc.a(_exit.o)
 .bss           0x00000000        0x0 c:/program files (x86)/atmel/studio/7.0/toolchain/avr8/avr8-gnu-toolchain/bin/../lib/gcc/avr/5.4.0/avr5\libgcc.a(_exit.o)
 .text.libgcc.mul
                0x00000000        0x0 c:/program files (x86)/atmel/studio/7.0/toolchain/avr8/avr8-gnu-toolchain/bin/../lib/gcc/avr/5.4.0/avr5\libgcc.a(_exit.o)
 .text.libgcc.div
                0x00000000        0x0 c:/program files (x86)/atmel/studio/7.0/toolchain/avr8/avr8-gnu-toolchain/bin/../lib/gcc/avr/5.4.0/avr5\libgcc.a(_exit.o)
 .text.libgcc   0x00000000        0x0 c:/program files (x86)/atmel/studio/7.0/toolchain/avr8/avr8-gnu-toolchain/bin/../lib/gcc/avr/5.4.0/avr5\libgcc.a(_exit.o)
 .text.libgcc.prologue
                0x00000000        0x0 c:/program files (x86)/atmel/studio/7.0/toolchain/avr8/avr8-gnu-toolchain/bin/../lib/gcc/avr/5.4.0/avr5\libgcc.a(_exit.o)
 .text.libgcc.builtins
                0x00000000        0x0 c:/program files (x86)/atmel/studio/7.0/toolchain/avr8/avr8-gnu-toolchain/bin/../lib/gcc/avr/5.4.0/avr5\libgcc.a(_exit.o)
 .text.libgcc.fmul
                0x00000000        0x0 c:/program files (x86)/atmel/studio/7.0/toolchain/avr8/avr8-gnu-toolchain/bin/../lib/gcc/avr/5.4.0/avr5\libgcc.a(_exit.o)
 .text.libgcc.fixed
                0x00000000        0x0 c:/program files (x86)/atmel/studio/7.0/toolchain/avr8/avr8-gnu-toolchain/bin/../lib/gcc/avr/5.4.0/avr5\libgcc.a(_exit.o)
 .text          0x00000000        0x0 c:/program files (x86)/atmel/studio/7.0/toolchain/avr8/avr8-gnu-toolchain/bin/../lib/gcc/avr/5.4.0/avr5\libgcc.a(_copy_data.o)
 .data          0x00000000        0x0 c:/program files (x86)/atmel/studio/7.0/toolchain/avr8/avr8-gnu-toolchain/bin/../lib/gcc/avr/5.4.0/avr5\libgcc.a(_copy_data.o)
 .bss           0x00000000        0x0 c:/program files (x86)/atmel/studio/7.0/toolchain/avr8/avr8-gnu-toolchain/bin/../lib/gcc/avr/5.4.0/avr5\libgcc.a(_copy_data.o)
 .text.libgcc.mul
                0x00000000        0x0 c:/program files (x86)/atmel/studio/7.0/toolchain/avr8/avr8-gnu-toolchain/bin/../lib/gcc/avr/5.4.0/avr5\libgcc.a(_copy_data.o)
 .text.libgcc.div
                0x00000000        0x0 c:/program files (x86)/atmel/studio/7.0/toolchain/avr8/avr8-gnu-toolchain/bin/../lib/gcc/avr/5.4.0/avr5\libgcc.a(_copy_data.o)
 .text.libgcc   0x00000000        0x0 c:/program files (x86)/atmel/studio/7.0/toolchain/avr8/avr8-gnu-toolchain/bin/../lib/gcc/avr/5.4.0/avr5\libgcc.a(_copy_data.o)
 .text.libgcc.prologue
                0x00000000        0x0 c:/program files (x86)/atmel/studio/7.0/toolchain/avr8/avr8-gnu-toolchain/bin/../lib/gcc/avr/5.4.0/avr5\libgcc.a(_copy_data.o)
 .text.libgcc.builtins
                0x00000000        0x0 c:/program files (x86)/atmel/studio/7.0/toolchain/avr8/avr8-gnu-toolchain/bin/../lib/gcc/avr/5.4.0/avr5\libgcc.a(_copy_data.o)
 .text.libgcc.fmul
                0x00000000        0x0 c:/program files (x86)/atmel/studio/7.0/toolchain/avr8/avr8-gnu-toolchain/bin/../lib/gcc/avr/5.4.0/avr5\libgcc.a(_copy_data.o)
 .text.libgcc.fixed
                0x00000000        0x0 c:/program files (x86)/atmel/studio/7.0/toolchain/avr8/avr8-gnu-toolchain/bin/../lib/gcc/avr/5.4.0/avr5\libgcc.a(_copy_data.o)
 .text          0x00000000        0x0 c:/program files (x86)/atmel/studio/7.0/toolchain/avr8/avr8-gnu-toolchain/bin/../lib/gcc/avr/5.4.0/avr5\libgcc.a(_clear_bss.o)
 .data          0x00000000        0x0 c:/program files (x86)/atmel/studio/7.0/toolchain/avr8/avr8-gnu-toolchain/bin/../lib/gcc/avr/5.4.0/avr5\libgcc.a(_clear_bss.o)
 .bss           0x00000000        0x0 c:/program files (x86)/atmel/studio/7.0/toolchain/avr8/avr8-gnu-toolchain/bin/../lib/gcc/avr/5.4.0/avr5\libgcc.a(_clear_bss.o)
 .text.libgcc.mul
                0x00000000        0x0 c:/program files (x86)/atmel/studio/7.0/toolchain/avr8/avr8-gnu-toolchain/bin/../lib/gcc/avr/5.4.0/avr5\libgcc.a(_clear_bss.o)
 .text.libgcc.div
                0x00000000        0x0 c:/program files (x86)/atmel/studio/7.0/toolchain/avr8/avr8-gnu-toolchain/bin/../lib/gcc/avr/5.4.0/avr5\libgcc.a(_clear_bss.o)
 .text.libgcc   0x00000000        0x0 c:/program files (x86)/atmel/studio/7.0/toolchain/avr8/avr8-gnu-toolchain/bin/../lib/gcc/avr/5.4.0/avr5\libgcc.a(_clear_bss.o)
 .text.libgcc.prologue
                0x00000000        0x0 c:/program files (x86)/atmel/studio/7.0/toolchain/avr8/avr8-gnu-toolchain/bin/../lib/gcc/avr/5.4.0/avr5\libgcc.a(_clear_bss.o)
 .text.libgcc.builtins
                0x00000000        0x0 c:/program files (x86)/atmel/studio/7.0/toolchain/avr8/avr8-gnu-toolchain/bin/../lib/gcc/avr/5.4.0/avr5\libgcc.a(_clear_bss.o)
 .text.libgcc.fmul
                0x00000000        0x0 c:/program files (x86)/atmel/studio/7.0/toolchain/avr8/avr8-gnu-toolchain/bin/../lib/gcc/avr/5.4.0/avr5\libgcc.a(_clear_bss.o)
 .text.libgcc.fixed
                0x00000000        0x0 c:/program files (x86)/atmel/studio/7.0/toolchain/avr8/avr8-gnu-toolchain/bin/../lib/gcc/avr/5.4.0/avr5\libgcc.a(_clear_bss.o)
 .text          0x00000000        0x0 c:/program files (x86)/atmel/studio/7.0/toolchain/avr8/avr8-gnu-toolchain/bin/../lib/gcc/avr/5.4.0/avr5\libgcc.a(_ctors.o)
 .data          0x00000000        0x0 c:/program files (x86)/atmel/studio/7.0/toolchain/avr8/avr8-gnu-toolchain/bin/../lib/gcc/avr/5.4.0/avr5\libgcc.a(_ctors.o)
 .bss           0x00000000        0x0 c:/program files (x86)/atmel/studio/7.0/toolchain/avr8/avr8-gnu-toolchain/bin/../lib/gcc/avr/5.4.0/avr5\libgcc.a(_ctors.o)
 .text.libgcc.mul
                0x00000000        0x0 c:/program files (x86)/atmel/studio/7.0/toolchain/avr8/avr8-gnu-toolchain/bin/../lib/gcc/avr/5.4.0/avr5\libgcc.a(_ctors.o)
 .text.libgcc.div
                0x00000000        0x0 c:/program files (x86)/atmel/studio/7.0/toolchain/avr8/avr8-gnu-toolchain/bin/../lib/gcc/avr/5.4.0/avr5\libgcc.a(_ctors.o)
 .text.libgcc   0x00000000        0x0 c:/program files (x86)/atmel/studio/7.0/toolchain/avr8/avr8-gnu-toolchain/bin/../lib/gcc/avr/5.4.0/avr5\libgcc.a(_ctors.o)
 .text.libgcc.prologue
                0x00000000        0x0 c:/program files (x86)/atmel/studio/7.0/toolchain/avr8/avr8-gnu-toolchain/bin/../lib/gcc/avr/5.4.0/avr5\libgcc.a(_ctors.o)
 .text.libgcc.builtins
                0x00000000        0x0 c:/program files (x86)/atmel/studio/7.0/toolchain/avr8/avr8-gnu-toolchain/bin/../lib/gcc/avr/5.4.0/avr5\libgcc.a(_ctors.o)
 .text.libgcc.fmul
                0x00000000        0x0 c:/program files (x86)/atmel/studio/7.0/toolchain/avr8/avr8-gnu-toolchain/bin/../lib/gcc/avr/5.4.0/avr5\libgcc.a(_ctors.o)
 .text.libgcc.fixed
                0x00000000        0x0 c:/program files (x86)/atmel/studio/7.0/toolchain/avr8/avr8-gnu-toolchain/bin/../lib/gcc/avr/5.4.0/avr5\libgcc.a(_ctors.o)
 .text          0x00000000        0x0 c:/program files (x86)/atmel/studio/7.0/toolchain/avr8/avr8-gnu-toolchain/bin/../lib/gcc/avr/5.4.0/avr5\libgcc.a(_dtors.o)
 .data          0x00000000        0x0 c:/program files (x86)/atmel/studio/7.0/toolchain/avr8/avr8-gnu-toolchain/bin/../lib/gcc/avr/5.4.0/avr5\libgcc.a(_dtors.o)
 .bss           0x00000000        0x0 c:/program files (x86)/atmel/studio/7.0/toolchain/avr8/avr8-gnu-toolchain/bin/../lib/gcc/avr/5.4.0/avr5\libgcc.a(_dtors.o)
 .text.libgcc.mul
                0x00000000        0x0 c:/program files (x86)/atmel/studio/7.0/toolchain/avr8/avr8-gnu-toolchain/bin/../lib/gcc/avr/5.4.0/avr5\libgcc.a(_dtors.o)
 .text.libgcc.div
                0x00000000        0x0 c:/program files (x86)/atmel/studio/7.0/toolchain/avr8/avr8-gnu-toolchain/bin/../lib/gcc/avr/5.4.0/avr5\libgcc.a(_dtors.o)
 .text.libgcc   0x00000000        0x0 c:/program files (x86)/atmel/studio/7.0/toolchain/avr8/avr8-gnu-toolchain/bin/../lib/gcc/avr/5.4.0/avr5\libgcc.a(_dtors.o)
 .text.libgcc.prologue
                0x00000000        0x0 c:/program files (x86)/atmel/studio/7.0/toolchain/avr8/avr8-gnu-toolchain/bin/../lib/gcc/avr/5.4.0/avr5\libgcc.a(_dtors.o)
 .text.libgcc.builtins
                0x00000000        0x0 c:/program files (x86)/atmel/studio/7.0/toolchain/avr8/avr8-gnu-toolchain/bin/../lib/gcc/avr/5.4.0/avr5\libgcc.a(_dtors.o)
 .text.libgcc.fmul
                0x00000000        0x0 c:/program files (x86)/atmel/studio/7.0/toolchain/avr8/avr8-gnu-toolchain/bin/../lib/gcc/avr/5.4.0/avr5\libgcc.a(_dtors.o)
 .text.libgcc.fixed
                0x00000000        0x0 c:/program files (x86)/atmel/studio/7.0/toolchain/avr8/avr8-gnu-toolchain/bin/../lib/gcc/avr/5.4.0/avr5\libgcc.a(_dtors.o)
 .text          0x00000000        0x0 c:/program files (x86)/atmel/studio/7.0/toolchain/avr8/avr8-gnu-toolchain/bin/../lib/gcc/avr/5.4.0/avr5\libgcc.a(_udivmodhi4.o)
 .data          0x00000000        0x0 c:/program files (x86)/atmel/studio/7.0/toolchain/avr8/avr8-gnu-toolchain/bin/../lib/gcc/avr/5.4.0/avr5\libgcc.a(_udivmodhi4.o)
 .bss           0x00000000        0x0 c:/program files (x86)/atmel/studio/7.0/toolchain/avr8/avr8-gnu-toolchain/bin/../lib/gcc/avr/5.4.0/avr5\libgcc.a(_udivmodhi4.o)
 .text.libgcc.mul
                0x00000000        0x0 c:/program files (x86)/atmel/studio/7.0/toolchain/avr8/avr8-gnu-toolchain/bin/../lib/gcc/avr/5.4.0/avr5\libgcc.a(_udivmodhi4.o)
 .text.libgcc   0x00000000        0x0 c:/program files (x86)/atmel/studio/7.0/toolchain/avr8/avr8-gnu-toolchain/bin/../lib/gcc/avr/5.4.0/avr5\libgcc.a(_udivmodhi4.o)
 .text.libgcc.prologue
                0x00000000        0x0 c:/program files (x86)/atmel/studio/7.0/toolchain/avr8/avr8-gnu-toolchain/bin/../lib/gcc/avr/5.4.0/avr5\libgcc.a(_udivmodhi4.o)
 .text.libgcc.builtins
                0x00000000        0x0 c:/program files (x86)/atmel/studio/7.0/toolchain/avr8/avr8-gnu-toolchain/bin/../lib/gcc/avr/5.4.0/avr5\libgcc.a(_udivmodhi4.o)
 .text.libgcc.fmul
                0x00000000        0x0 c:/program files (x86)/atmel/studio/7.0/toolchain/avr8/avr8-gnu-toolchain/bin/../lib/gcc/avr/5.4.0/avr5\libgcc.a(_udivmodhi4.o)
 .text.libgcc.fixed
                0x00000000        0x0 c:/program files (x86)/atmel/studio/7.0/toolchain/avr8/avr8-gnu-toolchain/bin/../lib/gcc/avr/5.4.0/avr5\libgcc.a(_udivmodhi4.o)
 .text          0x00000000        0x0 c:/program files (x86)/atmel/studio/7.0/toolchain/avr8/avr8-gnu-toolchain/bin/../lib/gcc/avr/5.4.0/avr5\libgcc.a(_tablejump2.o)
 .data          0x00000000        0x0 c:/program files (x86)/atmel/studio/7.0/toolchain/avr8/avr8-gnu-toolchain/bin/../lib/gcc/avr/5.4.0/avr5\libgcc.a(_tablejump2.o)
 .bss           0x00000000        0x0 c:/program files (x86)/atmel/studio/7.0/toolchain/avr8/avr8-gnu-toolchain/bin/../lib/gcc/avr/5.4.0/avr5\libgcc.a(_tablejump2.o)
 .text.libgcc.mul
                0x00000000        0x0 c:/program files (x86)/atmel/studio/7.0/toolchain/avr8/avr8-gnu-toolchain/bin/../lib/gcc/avr/5.4.0/avr5\libgcc.a(_tablejump2.o)
 .text.libgcc.div
                0x00000000        0x0 c:/program files (x86)/atmel/studio/7.0/toolchain/avr8/avr8-gnu-toolchain/bin/../lib/gcc/avr/5.4.0/avr5\libgcc.a(_tablejump2.o)
 .text.libgcc.prologue
                0x00000000        0x0 c:/program files (x86)/atmel/studio/7.0/toolchain/avr8/avr8-gnu-toolchain/bin/../lib/gcc/avr/5.4.0/avr5\libgcc.a(_tablejump2.o)
 .text.libgcc.builtins
                0x00000000        0x0 c:/program files (x86)/atmel/studio/7.0/toolchain/avr8/avr8-gnu-toolchain/bin/../lib/gcc/avr/5.4.0/avr5\libgcc.a(_tablejump2.o)
 .text.libgcc.fmul
                0x00000000        0x0 c:/program files (x86)/atmel/studio/7.0/toolchain/avr8/avr8-gnu-toolchain/bin/../lib/gcc/avr/5.4.0/avr5\libgcc.a(_tablejump2.o)
 .text.libgcc.fixed
                0x00000000        0x0 c:/program files (x86)/atmel/studio/7.0/toolchain/avr8/avr8-gnu-toolchain/bin/../lib/gcc/avr/5.4.0/avr5\libgcc.a(_tablejump2.o)
 .text          0x00000000        0x0 c:/program files (x86)/atmel/studio/7.0/toolchain/avr8/avr8-gnu-toolchain/bin/../lib/gcc/avr/5.4.0/../../../../avr/lib/avr5\libc.a(abort.o)
 .data          0x00000000        0x0 c:/program files (x86)/atmel/studio/7.0/toolchain/avr8/avr8-gnu-toolchain/bin/../lib/gcc/avr/5.4.0/../../../../avr/lib/avr5\libc.a(abort.o)
 .bss           0x00000000        0x0 c:/program files (x86)/atmel/studio/7.0/toolchain/avr8/avr8-gnu-toolchain/bin/../lib/gcc/avr/5.4.0/../../../../avr/lib/avr5\libc.a(abort.o)
 .text.avr-libc
                0x00000000        0xa c:/program files (x86)/atmel/studio/7.0/toolchain/avr8/avr8-gnu-toolchain/bin/../lib/gcc/avr/5.4.0/../../../../avr/lib/avr5\libc.a(abort.o)

Memory Configuration

Name             Origin             Length             Attributes
text             0x00000000         0x00020000         xr
data             0x00800060         0x0000ffa0         rw !x
eeprom           0x00810000         0x00010000         rw !x
fuse             0x00820000         0x00000003         rw !x
lock             0x00830000         0x00000400         rw !x
signature        0x00840000         0x00000400         rw !x
user_signatures  0x00850000         0x00000400         rw !x
*default*        0x00000000         0xffffffff

Linker script and memory map

Address of section .data set to 0x800100
LOAD C:/Program Files (x86)/Atmel/Studio/7.0/Packs/atmel/ATmega_DFP/1.3.300/gcc/dev/atmega328p/avr5/crtatmega328p.o
LOAD Sketch.o
LOAD src/libraries/SoftwareSerial/src/SoftwareSerial.o
START GROUP
LOAD c:/program files (x86)/atmel/studio/7.0/toolchain/avr8/avr8-gnu-toolchain/bin/../lib/gcc/avr/5.4.0/../../../../avr/lib/avr5\libm.a
LOAD C:\Users\Dell\Documents\GitHub\stairsClimber\StairClimberProg\StairClimberProg\ArduinoCore\Debug\libArduinoCore.a
END GROUP
LOAD c:/program files (x86)/atmel/studio/7.0/toolchain/avr8/avr8-gnu-toolchain/bin/../lib/gcc/avr/5.4.0/avr5\libgcc.a
LOAD c:/program files (x86)/atmel/studio/7.0/toolchain/avr8/avr8-gnu-toolchain/bin/../lib/gcc/avr/5.4.0/../../../../avr/lib/avr5\libm.a
START GROUP
LOAD c:/program files (x86)/atmel/studio/7.0/toolchain/avr8/avr8-gnu-toolchain/bin/../lib/gcc/avr/5.4.0/avr5\libgcc.a
LOAD c:/program files (x86)/atmel/studio/7.0/toolchain/avr8/avr8-gnu-toolchain/bin/../lib/gcc/avr/5.4.0/../../../../avr/lib/avr5\libm.a
LOAD c:/program files (x86)/atmel/studio/7.0/toolchain/avr8/avr8-gnu-toolchain/bin/../lib/gcc/avr/5.4.0/../../../../avr/lib/avr5\libc.a
LOAD C:/Program Files (x86)/Atmel/Studio/7.0/Packs/atmel/ATmega_DFP/1.3.300/gcc/dev/atmega328p/avr5\libatmega328p.a
END GROUP
                0x00000000                __TEXT_REGION_ORIGIN__ = DEFINED (__TEXT_REGION_ORIGIN__)?__TEXT_REGION_ORIGIN__:0x0
                0x00800060                __DATA_REGION_ORIGIN__ = DEFINED (__DATA_REGION_ORIGIN__)?__DATA_REGION_ORIGIN__:0x800060
                0x00020000                __TEXT_REGION_LENGTH__ = DEFINED (__TEXT_REGION_LENGTH__)?__TEXT_REGION_LENGTH__:0x20000
                0x0000ffa0                __DATA_REGION_LENGTH__ = DEFINED (__DATA_REGION_LENGTH__)?__DATA_REGION_LENGTH__:0xffa0
                0x00010000                __EEPROM_REGION_LENGTH__ = DEFINED (__EEPROM_REGION_LENGTH__)?__EEPROM_REGION_LENGTH__:0x10000
                [0x00000003]                __FUSE_REGION_LENGTH__ = DEFINED (__FUSE_REGION_LENGTH__)?__FUSE_REGION_LENGTH__:0x400
                0x00000400                __LOCK_REGION_LENGTH__ = DEFINED (__LOCK_REGION_LENGTH__)?__LOCK_REGION_LENGTH__:0x400
                0x00000400                __SIGNATURE_REGION_LENGTH__ = DEFINED (__SIGNATURE_REGION_LENGTH__)?__SIGNATURE_REGION_LENGTH__:0x400
                0x00000400                __USER_SIGNATURE_REGION_LENGTH__ = DEFINED (__USER_SIGNATURE_REGION_LENGTH__)?__USER_SIGNATURE_REGION_LENGTH__:0x400

.hash
 *(.hash)

.dynsym
 *(.dynsym)

.dynstr
 *(.dynstr)

.gnu.version
 *(.gnu.version)

.gnu.version_d
 *(.gnu.version_d)

.gnu.version_r
 *(.gnu.version_r)

.rel.init
 *(.rel.init)

.rela.init
 *(.rela.init)

.rel.text
 *(.rel.text)
 *(.rel.text.*)
 *(.rel.gnu.linkonce.t*)

.rela.text
 *(.rela.text)
 *(.rela.text.*)
 *(.rela.gnu.linkonce.t*)

.rel.fini
 *(.rel.fini)

.rela.fini
 *(.rela.fini)

.rel.rodata
 *(.rel.rodata)
 *(.rel.rodata.*)
 *(.rel.gnu.linkonce.r*)

.rela.rodata
 *(.rela.rodata)
 *(.rela.rodata.*)
 *(.rela.gnu.linkonce.r*)

.rel.data
 *(.rel.data)
 *(.rel.data.*)
 *(.rel.gnu.linkonce.d*)

.rela.data
 *(.rela.data)
 *(.rela.data.*)
 *(.rela.gnu.linkonce.d*)

.rel.ctors
 *(.rel.ctors)

.rela.ctors
 *(.rela.ctors)

.rel.dtors
 *(.rel.dtors)

.rela.dtors
 *(.rela.dtors)

.rel.got
 *(.rel.got)

.rela.got
 *(.rela.got)

.rel.bss
 *(.rel.bss)

.rela.bss
 *(.rela.bss)

.rel.plt
 *(.rel.plt)

.rela.plt
 *(.rela.plt)

.text           0x00000000      0xb58
 *(.vectors)
 .vectors       0x00000000       0x68 C:/Program Files (x86)/Atmel/Studio/7.0/Packs/atmel/ATmega_DFP/1.3.300/gcc/dev/atmega328p/avr5/crtatmega328p.o
                0x00000000                __vector_default
                0x00000000                __vectors
 *(.vectors)
 *(.progmem.gcc*)
                0x00000068                . = ALIGN (0x2)
                0x00000068                __trampolines_start = .
 *(.trampolines)
 .trampolines   0x00000068        0x0 linker stubs
 *(.trampolines*)
                0x00000068                __trampolines_end = .
 *libprintf_flt.a:*(.progmem.data)
 *libc.a:*(.progmem.data)
 *(.progmem*)
 .progmem.data.digital_pin_to_timer_PGM
                0x00000068       0x14 C:\Users\Dell\Documents\GitHub\stairsClimber\StairClimberProg\StairClimberProg\ArduinoCore\Debug\libArduinoCore.a(wiring_digital.o)
                0x00000068                digital_pin_to_timer_PGM
 .progmem.data.digital_pin_to_bit_mask_PGM
                0x0000007c       0x14 C:\Users\Dell\Documents\GitHub\stairsClimber\StairClimberProg\StairClimberProg\ArduinoCore\Debug\libArduinoCore.a(wiring_digital.o)
                0x0000007c                digital_pin_to_bit_mask_PGM
 .progmem.data.digital_pin_to_port_PGM
                0x00000090       0x14 C:\Users\Dell\Documents\GitHub\stairsClimber\StairClimberProg\StairClimberProg\ArduinoCore\Debug\libArduinoCore.a(wiring_digital.o)
                0x00000090                digital_pin_to_port_PGM
 .progmem.data.port_to_input_PGM
                0x000000a4        0xa C:\Users\Dell\Documents\GitHub\stairsClimber\StairClimberProg\StairClimberProg\ArduinoCore\Debug\libArduinoCore.a(wiring_digital.o)
                0x000000a4                port_to_input_PGM
 .progmem.data.port_to_output_PGM
                0x000000ae        0xa C:\Users\Dell\Documents\GitHub\stairsClimber\StairClimberProg\StairClimberProg\ArduinoCore\Debug\libArduinoCore.a(wiring_digital.o)
                0x000000ae                port_to_output_PGM
 .progmem.data.port_to_mode_PGM
                0x000000b8        0xa C:\Users\Dell\Documents\GitHub\stairsClimber\StairClimberProg\StairClimberProg\ArduinoCore\Debug\libArduinoCore.a(wiring_digital.o)
                0x000000b8                port_to_mode_PGM
                0x000000c2                . = ALIGN (0x2)
 *(.jumptables)
 *(.jumptables*)
 *(.lowtext)
 *(.lowtext*)
                0x000000c2                __ctors_start = .
 *(.ctors)
 .ctors         0x000000c2        0x2 Sketch.o
                0x000000c4                __ctors_end = .
                0x000000c4                __dtors_start = .
 *(.dtors)
 .dtors         0x000000c4        0x2 Sketch.o
                0x000000c6                __dtors_end = .
 SORT(*)(.ctors)
 SORT(*)(.dtors)
 *(.init0)
 .init0         0x000000c6        0x0 C:/Program Files (x86)/Atmel/Studio/7.0/Packs/atmel/ATmega_DFP/1.3.300/gcc/dev/atmega328p/avr5/crtatmega328p.o
                0x000000c6                __init
 *(.init0)
 *(.init1)
 *(.init1)
 *(.init2)
 .init2         0x000000c6        0xc C:/Program Files (x86)/Atmel/Studio/7.0/Packs/atmel/ATmega_DFP/1.3.300/gcc/dev/atmega328p/avr5/crtatmega328p.o
 *(.init2)
 *(.init3)
 *(.init3)
 *(.init4)
 .init4         0x000000d2       0x16 c:/program files (x86)/atmel/studio/7.0/toolchain/avr8/avr8-gnu-toolchain/bin/../lib/gcc/avr/5.4.0/avr5\libgcc.a(_copy_data.o)
                0x000000d2                __do_copy_data
 .init4         0x000000e8       0x10 c:/program files (x86)/atmel/studio/7.0/toolchain/avr8/avr8-gnu-toolchain/bin/../lib/gcc/avr/5.4.0/avr5\libgcc.a(_clear_bss.o)
                0x000000e8                __do_clear_bss
 *(.init4)
 *(.init5)
 *(.init5)
 *(.init6)
 .init6         0x000000f8       0x16 c:/program files (x86)/atmel/studio/7.0/toolchain/avr8/avr8-gnu-toolchain/bin/../lib/gcc/avr/5.4.0/avr5\libgcc.a(_ctors.o)
                0x000000f8                __do_global_ctors
 *(.init6)
 *(.init7)
 *(.init7)
 *(.init8)
 *(.init8)
 *(.init9)
 .init9         0x0000010e        0x8 C:/Program Files (x86)/Atmel/Studio/7.0/Packs/atmel/ATmega_DFP/1.3.300/gcc/dev/atmega328p/avr5/crtatmega328p.o
 *(.init9)
 *(.text)
 .text          0x00000116        0x4 C:/Program Files (x86)/Atmel/Studio/7.0/Packs/atmel/ATmega_DFP/1.3.300/gcc/dev/atmega328p/avr5/crtatmega328p.o
                0x00000116                __vector_22
                0x00000116                __vector_1
                0x00000116                __vector_24
                0x00000116                __vector_12
                0x00000116                __bad_interrupt
                0x00000116                __vector_6
                0x00000116                __vector_23
                0x00000116                __vector_25
                0x00000116                __vector_11
                0x00000116                __vector_13
                0x00000116                __vector_17
                0x00000116                __vector_19
                0x00000116                __vector_7
                0x00000116                __vector_9
                0x00000116                __vector_2
                0x00000116                __vector_21
                0x00000116                __vector_15
                0x00000116                __vector_8
                0x00000116                __vector_14
                0x00000116                __vector_10
                0x00000116                __vector_18
                0x00000116                __vector_20
                0x0000011a                . = ALIGN (0x2)
 *(.text.*)
 .text.loop     0x0000011a        0x2 Sketch.o
                0x0000011a                loop
 .text.startup._GLOBAL__sub_I_DPins
                0x0000011c        0xe Sketch.o
 .text.exit._GLOBAL__sub_D_DPins
                0x0000012a        0x8 Sketch.o
 .text.setup    0x00000132       0xaa Sketch.o
                0x00000132                setup
 .text._ZN5Print17availableForWriteEv
                0x000001dc        0x6 src/libraries/SoftwareSerial/src/SoftwareSerial.o
                0x000001dc                _ZN5Print17availableForWriteEv
 .text._ZN14SoftwareSerial4readEv
                0x000001e2       0x42 src/libraries/SoftwareSerial/src/SoftwareSerial.o
                0x000001e2                _ZN14SoftwareSerial4readEv
 .text._ZN14SoftwareSerial5writeEh
                0x00000224       0xa0 src/libraries/SoftwareSerial/src/SoftwareSerial.o
                0x00000224                _ZN14SoftwareSerial5writeEh
 .text._ZN14SoftwareSerial5flushEv
                0x000002c4        0x2 src/libraries/SoftwareSerial/src/SoftwareSerial.o
                0x000002c4                _ZN14SoftwareSerial5flushEv
 .text._ZN14SoftwareSerial4peekEv
                0x000002c6       0x30 src/libraries/SoftwareSerial/src/SoftwareSerial.o
                0x000002c6                _ZN14SoftwareSerial4peekEv
 .text._ZN14SoftwareSerial9availableEv
                0x000002f6       0x30 src/libraries/SoftwareSerial/src/SoftwareSerial.o
                0x000002f6                _ZN14SoftwareSerial9availableEv
 .text._ZN14SoftwareSerial13stopListeningEv
                0x00000326       0x2c src/libraries/SoftwareSerial/src/SoftwareSerial.o
                0x00000326                _ZN14SoftwareSerial13stopListeningEv
 .text._ZN14SoftwareSerial6listenEv
                0x00000352       0x52 src/libraries/SoftwareSerial/src/SoftwareSerial.o
                0x00000352                _ZN14SoftwareSerial6listenEv
 .text.__vector_3
                0x000003a4       0xf4 src/libraries/SoftwareSerial/src/SoftwareSerial.o
                0x000003a4                __vector_5
                0x000003a4                __vector_4
                0x000003a4                __vector_3
 .text._ZN14SoftwareSerialD2Ev
                0x00000498        0xe src/libraries/SoftwareSerial/src/SoftwareSerial.o
                0x00000498                _ZN14SoftwareSerialD1Ev
                0x00000498                _ZN14SoftwareSerialD2Ev
 .text._ZN14SoftwareSerial5setTXEh
                0x000004a6       0x52 src/libraries/SoftwareSerial/src/SoftwareSerial.o
                0x000004a6                _ZN14SoftwareSerial5setTXEh
 .text._ZN14SoftwareSerial5setRXEh
                0x000004f8       0x52 src/libraries/SoftwareSerial/src/SoftwareSerial.o
                0x000004f8                _ZN14SoftwareSerial5setRXEh
 .text._ZN14SoftwareSerialC2Ehhb
                0x0000054a       0x56 src/libraries/SoftwareSerial/src/SoftwareSerial.o
                0x0000054a                _ZN14SoftwareSerialC1Ehhb
                0x0000054a                _ZN14SoftwareSerialC2Ehhb
 .text._ZN14SoftwareSerial5beginEl
                0x000005a0      0x11c src/libraries/SoftwareSerial/src/SoftwareSerial.o
                0x000005a0                _ZN14SoftwareSerial5beginEl
 .text.initVariant
                0x000006bc        0x2 C:\Users\Dell\Documents\GitHub\stairsClimber\StairClimberProg\StairClimberProg\ArduinoCore\Debug\libArduinoCore.a(main.o)
                0x000006bc                initVariant
 .text.startup.main
                0x000006be       0x1e C:\Users\Dell\Documents\GitHub\stairsClimber\StairClimberProg\StairClimberProg\ArduinoCore\Debug\libArduinoCore.a(main.o)
                0x000006be                main
 .text._ZN5Print5writeEPKhj
                0x000006dc       0x54 C:\Users\Dell\Documents\GitHub\stairsClimber\StairClimberProg\StairClimberProg\ArduinoCore\Debug\libArduinoCore.a(Print.o)
                0x000006dc                _ZN5Print5writeEPKhj
 .text.__vector_16
                0x00000730       0x94 C:\Users\Dell\Documents\GitHub\stairsClimber\StairClimberProg\StairClimberProg\ArduinoCore\Debug\libArduinoCore.a(wiring.o)
                0x00000730                __vector_16
 .text.micros   0x000007c4       0x4a C:\Users\Dell\Documents\GitHub\stairsClimber\StairClimberProg\StairClimberProg\ArduinoCore\Debug\libArduinoCore.a(wiring.o)
                0x000007c4                micros
 .text.delay    0x0000080e       0x78 C:\Users\Dell\Documents\GitHub\stairsClimber\StairClimberProg\StairClimberProg\ArduinoCore\Debug\libArduinoCore.a(wiring.o)
                0x0000080e                delay
 .text.init     0x00000886       0x76 C:\Users\Dell\Documents\GitHub\stairsClimber\StairClimberProg\StairClimberProg\ArduinoCore\Debug\libArduinoCore.a(wiring.o)
                0x00000886                init
 .text.analogRead
                0x000008fc       0x3a C:\Users\Dell\Documents\GitHub\stairsClimber\StairClimberProg\StairClimberProg\ArduinoCore\Debug\libArduinoCore.a(wiring_analog.o)
                0x000008fc                analogRead
 .text.turnOffPWM
                0x00000936       0x52 C:\Users\Dell\Documents\GitHub\stairsClimber\StairClimberProg\StairClimberProg\ArduinoCore\Debug\libArduinoCore.a(wiring_digital.o)
 .text.pinMode  0x00000988       0x78 C:\Users\Dell\Documents\GitHub\stairsClimber\StairClimberProg\StairClimberProg\ArduinoCore\Debug\libArduinoCore.a(wiring_digital.o)
                0x00000988                pinMode
 .text.digitalWrite
                0x00000a00       0x5e C:\Users\Dell\Documents\GitHub\stairsClimber\StairClimberProg\StairClimberProg\ArduinoCore\Debug\libArduinoCore.a(wiring_digital.o)
                0x00000a00                digitalWrite
 .text.__empty  0x00000a5e        0x2 C:\Users\Dell\Documents\GitHub\stairsClimber\StairClimberProg\StairClimberProg\ArduinoCore\Debug\libArduinoCore.a(hooks.o)
                0x00000a5e                yield
 .text.libgcc.div
                0x00000a60       0x28 c:/program files (x86)/atmel/studio/7.0/toolchain/avr8/avr8-gnu-toolchain/bin/../lib/gcc/avr/5.4.0/avr5\libgcc.a(_divmodhi4.o)
                0x00000a60                _div
                0x00000a60                __divmodhi4
 .text.libgcc.div
                0x00000a88       0x44 c:/program files (x86)/atmel/studio/7.0/toolchain/avr8/avr8-gnu-toolchain/bin/../lib/gcc/avr/5.4.0/avr5\libgcc.a(_udivmodsi4.o)
                0x00000a88                __udivmodsi4
 .text.libgcc.div
                0x00000acc       0x2e c:/program files (x86)/atmel/studio/7.0/toolchain/avr8/avr8-gnu-toolchain/bin/../lib/gcc/avr/5.4.0/avr5\libgcc.a(_divmodsi4.o)
                0x00000acc                __divmodsi4
 .text.libgcc.div
                0x00000afa       0x10 c:/program files (x86)/atmel/studio/7.0/toolchain/avr8/avr8-gnu-toolchain/bin/../lib/gcc/avr/5.4.0/avr5\libgcc.a(_negsi2.o)
                0x00000afa                __negsi2
 .text.libgcc.div
                0x00000b0a       0x28 c:/program files (x86)/atmel/studio/7.0/toolchain/avr8/avr8-gnu-toolchain/bin/../lib/gcc/avr/5.4.0/avr5\libgcc.a(_udivmodhi4.o)
                0x00000b0a                __udivmodhi4
 .text.libgcc   0x00000b32        0xc c:/program files (x86)/atmel/studio/7.0/toolchain/avr8/avr8-gnu-toolchain/bin/../lib/gcc/avr/5.4.0/avr5\libgcc.a(_tablejump2.o)
                0x00000b32                __tablejump2__
                0x00000b3e                . = ALIGN (0x2)
 *(.fini9)
 .fini9         0x00000b3e        0x0 c:/program files (x86)/atmel/studio/7.0/toolchain/avr8/avr8-gnu-toolchain/bin/../lib/gcc/avr/5.4.0/avr5\libgcc.a(_exit.o)
                0x00000b3e                _exit
                0x00000b3e                exit
 *(.fini9)
 *(.fini8)
 *(.fini8)
 *(.fini7)
 *(.fini7)
 *(.fini6)
 .fini6         0x00000b3e       0x16 c:/program files (x86)/atmel/studio/7.0/toolchain/avr8/avr8-gnu-toolchain/bin/../lib/gcc/avr/5.4.0/avr5\libgcc.a(_dtors.o)
                0x00000b3e                __do_global_dtors
 *(.fini6)
 *(.fini5)
 *(.fini5)
 *(.fini4)
 *(.fini4)
 *(.fini3)
 *(.fini3)
 *(.fini2)
 *(.fini2)
 *(.fini1)
 *(.fini1)
 *(.fini0)
 .fini0         0x00000b54        0x4 c:/program files (x86)/atmel/studio/7.0/toolchain/avr8/avr8-gnu-toolchain/bin/../lib/gcc/avr/5.4.0/avr5\libgcc.a(_exit.o)
 *(.fini0)
                0x00000b58                _etext = .

.data           0x00800100       0x32 load address 0x00000b58
                0x00800100                PROVIDE (__data_start, .)
 *(.data)
 *(.data*)
 .data.etat     0x00800100        0x1 Sketch.o
                0x00800100                etat
 .data.APins    0x00800101        0xa Sketch.o
                0x00800101                APins
 .data.DPins    0x0080010b       0x14 Sketch.o
                0x0080010b                DPins
 .data.analog_reference
                0x0080011f        0x1 C:\Users\Dell\Documents\GitHub\stairsClimber\StairClimberProg\StairClimberProg\ArduinoCore\Debug\libArduinoCore.a(wiring_analog.o)
                0x0080011f                analog_reference
 *(.gnu.linkonce.d*)
 *(.rodata)
 *(.rodata*)
 .rodata._ZTV14SoftwareSerial
                0x00800120       0x12 src/libraries/SoftwareSerial/src/SoftwareSerial.o
                0x00800120                _ZTV14SoftwareSerial
 *(.gnu.linkonce.r*)
                0x00800132                . = ALIGN (0x2)
                0x00800132                _edata = .
                0x00800132                PROVIDE (__data_end, .)

.bss            0x00800132       0x6c
                0x00800132                PROVIDE (__bss_start, .)
 *(.bss)
 *(.bss*)
 .bss.bluetooth
                0x00800132       0x1f Sketch.o
                0x00800132                bluetooth
 .bss._ZN14SoftwareSerial20_receive_buffer_headE
                0x00800151        0x1 src/libraries/SoftwareSerial/src/SoftwareSerial.o
                0x00800151                _ZN14SoftwareSerial20_receive_buffer_headE
 .bss._ZN14SoftwareSerial20_receive_buffer_tailE
                0x00800152        0x1 src/libraries/SoftwareSerial/src/SoftwareSerial.o
                0x00800152                _ZN14SoftwareSerial20_receive_buffer_tailE
 .bss._ZN14SoftwareSerial15_receive_bufferE
                0x00800153       0x40 src/libraries/SoftwareSerial/src/SoftwareSerial.o
                0x00800153                _ZN14SoftwareSerial15_receive_bufferE
 .bss._ZN14SoftwareSerial13active_objectE
                0x00800193        0x2 src/libraries/SoftwareSerial/src/SoftwareSerial.o
                0x00800193                _ZN14SoftwareSerial13active_objectE
 .bss.timer0_fract
                0x00800195        0x1 C:\Users\Dell\Documents\GitHub\stairsClimber\StairClimberProg\StairClimberProg\ArduinoCore\Debug\libArduinoCore.a(wiring.o)
 .bss.timer0_millis
                0x00800196        0x4 C:\Users\Dell\Documents\GitHub\stairsClimber\StairClimberProg\StairClimberProg\ArduinoCore\Debug\libArduinoCore.a(wiring.o)
                0x00800196                timer0_millis
 .bss.timer0_overflow_count
                0x0080019a        0x4 C:\Users\Dell\Documents\GitHub\stairsClimber\StairClimberProg\StairClimberProg\ArduinoCore\Debug\libArduinoCore.a(wiring.o)
                0x0080019a                timer0_overflow_count
 *(COMMON)
                0x0080019e                PROVIDE (__bss_end, .)
                0x00000b58                __data_load_start = LOADADDR (.data)
                0x00000b8a                __data_load_end = (__data_load_start + SIZEOF (.data))

.noinit         0x0080019e        0x0
                [!provide]                PROVIDE (__noinit_start, .)
 *(.noinit*)
                [!provide]                PROVIDE (__noinit_end, .)
                0x0080019e                _end = .
                [!provide]                PROVIDE (__heap_start, .)

.eeprom         0x00810000        0x0
 *(.eeprom*)
                0x00810000                __eeprom_end = .

.fuse
 *(.fuse)
 *(.lfuse)
 *(.hfuse)
 *(.efuse)

.lock
 *(.lock*)

.signature
 *(.signature*)

.user_signatures
 *(.user_signatures*)

.stab
 *(.stab)

.stabstr
 *(.stabstr)

.stab.excl
 *(.stab.excl)

.stab.exclstr
 *(.stab.exclstr)

.stab.index
 *(.stab.index)

.stab.indexstr
 *(.stab.indexstr)

.comment        0x00000000       0x30
 *(.comment)
 .comment       0x00000000       0x30 Sketch.o
                                 0x31 (size before relaxing)
 .comment       0x00000030       0x31 src/libraries/SoftwareSerial/src/SoftwareSerial.o
 .comment       0x00000030       0x31 C:\Users\Dell\Documents\GitHub\stairsClimber\StairClimberProg\StairClimberProg\ArduinoCore\Debug\libArduinoCore.a(main.o)
 .comment       0x00000030       0x31 C:\Users\Dell\Documents\GitHub\stairsClimber\StairClimberProg\StairClimberProg\ArduinoCore\Debug\libArduinoCore.a(Print.o)
 .comment       0x00000030       0x31 C:\Users\Dell\Documents\GitHub\stairsClimber\StairClimberProg\StairClimberProg\ArduinoCore\Debug\libArduinoCore.a(wiring.o)
 .comment       0x00000030       0x31 C:\Users\Dell\Documents\GitHub\stairsClimber\StairClimberProg\StairClimberProg\ArduinoCore\Debug\libArduinoCore.a(wiring_analog.o)
 .comment       0x00000030       0x31 C:\Users\Dell\Documents\GitHub\stairsClimber\StairClimberProg\StairClimberProg\ArduinoCore\Debug\libArduinoCore.a(wiring_digital.o)
 .comment       0x00000030       0x31 C:\Users\Dell\Documents\GitHub\stairsClimber\StairClimberProg\StairClimberProg\ArduinoCore\Debug\libArduinoCore.a(hooks.o)

.note.gnu.avr.deviceinfo
                0x00000000       0x40
 .note.gnu.avr.deviceinfo
                0x00000000       0x40 C:/Program Files (x86)/Atmel/Studio/7.0/Packs/atmel/ATmega_DFP/1.3.300/gcc/dev/atmega328p/avr5/crtatmega328p.o

.note.gnu.build-id
 *(.note.gnu.build-id)

.debug
 *(.debug)

.line
 *(.line)

.debug_srcinfo
 *(.debug_srcinfo)

.debug_sfnames
 *(.debug_sfnames)

.debug_aranges  0x00000000      0x330
 *(.debug_aranges)
 .debug_aranges
                0x00000000       0x88 Sketch.o
 .debug_aranges
                0x00000088       0xa8 src/libraries/SoftwareSerial/src/SoftwareSerial.o
 .debug_aranges
                0x00000130       0x30 C:\Users\Dell\Documents\GitHub\stairsClimber\StairClimberProg\StairClimberProg\ArduinoCore\Debug\libArduinoCore.a(main.o)
 .debug_aranges
                0x00000160      0x100 C:\Users\Dell\Documents\GitHub\stairsClimber\StairClimberProg\StairClimberProg\ArduinoCore\Debug\libArduinoCore.a(Print.o)
 .debug_aranges
                0x00000260       0x48 C:\Users\Dell\Documents\GitHub\stairsClimber\StairClimberProg\StairClimberProg\ArduinoCore\Debug\libArduinoCore.a(wiring.o)
 .debug_aranges
                0x000002a8       0x30 C:\Users\Dell\Documents\GitHub\stairsClimber\StairClimberProg\StairClimberProg\ArduinoCore\Debug\libArduinoCore.a(wiring_analog.o)
 .debug_aranges
                0x000002d8       0x38 C:\Users\Dell\Documents\GitHub\stairsClimber\StairClimberProg\StairClimberProg\ArduinoCore\Debug\libArduinoCore.a(wiring_digital.o)
 .debug_aranges
                0x00000310       0x20 C:\Users\Dell\Documents\GitHub\stairsClimber\StairClimberProg\StairClimberProg\ArduinoCore\Debug\libArduinoCore.a(hooks.o)

.debug_pubnames
 *(.debug_pubnames)

.debug_info     0x00000000     0x6fa4
 *(.debug_info .gnu.linkonce.wi.*)
 .debug_info    0x00000000      0x5f4 C:/Program Files (x86)/Atmel/Studio/7.0/Packs/atmel/ATmega_DFP/1.3.300/gcc/dev/atmega328p/avr5/crtatmega328p.o
 .debug_info    0x000005f4      0xa09 Sketch.o
 .debug_info    0x00000ffd     0x28fd src/libraries/SoftwareSerial/src/SoftwareSerial.o
 .debug_info    0x000038fa      0x237 C:\Users\Dell\Documents\GitHub\stairsClimber\StairClimberProg\StairClimberProg\ArduinoCore\Debug\libArduinoCore.a(main.o)
 .debug_info    0x00003b31     0x28ff C:\Users\Dell\Documents\GitHub\stairsClimber\StairClimberProg\StairClimberProg\ArduinoCore\Debug\libArduinoCore.a(Print.o)
 .debug_info    0x00006430      0x2cb C:\Users\Dell\Documents\GitHub\stairsClimber\StairClimberProg\StairClimberProg\ArduinoCore\Debug\libArduinoCore.a(wiring.o)
 .debug_info    0x000066fb      0x26d C:\Users\Dell\Documents\GitHub\stairsClimber\StairClimberProg\StairClimberProg\ArduinoCore\Debug\libArduinoCore.a(wiring_analog.o)
 .debug_info    0x00006968      0x5fe C:\Users\Dell\Documents\GitHub\stairsClimber\StairClimberProg\StairClimberProg\ArduinoCore\Debug\libArduinoCore.a(wiring_digital.o)
 .debug_info    0x00006f66       0x3e C:\Users\Dell\Documents\GitHub\stairsClimber\StairClimberProg\StairClimberProg\ArduinoCore\Debug\libArduinoCore.a(hooks.o)

.debug_abbrev   0x00000000     0x187e
 *(.debug_abbrev)
 .debug_abbrev  0x00000000      0x5a2 C:/Program Files (x86)/Atmel/Studio/7.0/Packs/atmel/ATmega_DFP/1.3.300/gcc/dev/atmega328p/avr5/crtatmega328p.o
 .debug_abbrev  0x000005a2      0x2f4 Sketch.o
 .debug_abbrev  0x00000896      0x60b src/libraries/SoftwareSerial/src/SoftwareSerial.o
 .debug_abbrev  0x00000ea1      0x12d C:\Users\Dell\Documents\GitHub\stairsClimber\StairClimberProg\StairClimberProg\ArduinoCore\Debug\libArduinoCore.a(main.o)
 .debug_abbrev  0x00000fce      0x47a C:\Users\Dell\Documents\GitHub\stairsClimber\StairClimberProg\StairClimberProg\ArduinoCore\Debug\libArduinoCore.a(Print.o)
 .debug_abbrev  0x00001448      0x146 C:\Users\Dell\Documents\GitHub\stairsClimber\StairClimberProg\StairClimberProg\ArduinoCore\Debug\libArduinoCore.a(wiring.o)
 .debug_abbrev  0x0000158e      0x16b C:\Users\Dell\Documents\GitHub\stairsClimber\StairClimberProg\StairClimberProg\ArduinoCore\Debug\libArduinoCore.a(wiring_analog.o)
 .debug_abbrev  0x000016f9      0x15b C:\Users\Dell\Documents\GitHub\stairsClimber\StairClimberProg\StairClimberProg\ArduinoCore\Debug\libArduinoCore.a(wiring_digital.o)
 .debug_abbrev  0x00001854       0x2a C:\Users\Dell\Documents\GitHub\stairsClimber\StairClimberProg\StairClimberProg\ArduinoCore\Debug\libArduinoCore.a(hooks.o)

.debug_line     0x00000000     0x1cc3
 *(.debug_line .debug_line.* .debug_line_end)
 .debug_line    0x00000000      0x133 C:/Program Files (x86)/Atmel/Studio/7.0/Packs/atmel/ATmega_DFP/1.3.300/gcc/dev/atmega328p/avr5/crtatmega328p.o
 .debug_line    0x00000133      0x472 Sketch.o
 .debug_line    0x000005a5      0x7f9 src/libraries/SoftwareSerial/src/SoftwareSerial.o
 .debug_line    0x00000d9e      0x165 C:\Users\Dell\Documents\GitHub\stairsClimber\StairClimberProg\StairClimberProg\ArduinoCore\Debug\libArduinoCore.a(main.o)
 .debug_line    0x00000f03      0x685 C:\Users\Dell\Documents\GitHub\stairsClimber\StairClimberProg\StairClimberProg\ArduinoCore\Debug\libArduinoCore.a(Print.o)
 .debug_line    0x00001588      0x299 C:\Users\Dell\Documents\GitHub\stairsClimber\StairClimberProg\StairClimberProg\ArduinoCore\Debug\libArduinoCore.a(wiring.o)
 .debug_line    0x00001821      0x20f C:\Users\Dell\Documents\GitHub\stairsClimber\StairClimberProg\StairClimberProg\ArduinoCore\Debug\libArduinoCore.a(wiring_analog.o)
 .debug_line    0x00001a30      0x252 C:\Users\Dell\Documents\GitHub\stairsClimber\StairClimberProg\StairClimberProg\ArduinoCore\Debug\libArduinoCore.a(wiring_digital.o)
 .debug_line    0x00001c82       0x41 C:\Users\Dell\Documents\GitHub\stairsClimber\StairClimberProg\StairClimberProg\ArduinoCore\Debug\libArduinoCore.a(hooks.o)

.debug_frame    0x00000000      0x8bc
 *(.debug_frame)
 .debug_frame   0x00000000      0x130 Sketch.o
 .debug_frame   0x00000130      0x1d4 src/libraries/SoftwareSerial/src/SoftwareSerial.o
 .debug_frame   0x00000304       0x54 C:\Users\Dell\Documents\GitHub\stairsClimber\StairClimberProg\StairClimberProg\ArduinoCore\Debug\libArduinoCore.a(main.o)
 .debug_frame   0x00000358      0x3ac C:\Users\Dell\Documents\GitHub\stairsClimber\StairClimberProg\StairClimberProg\ArduinoCore\Debug\libArduinoCore.a(Print.o)
 .debug_frame   0x00000704       0xc4 C:\Users\Dell\Documents\GitHub\stairsClimber\StairClimberProg\StairClimberProg\ArduinoCore\Debug\libArduinoCore.a(wiring.o)
 .debug_frame   0x000007c8       0x54 C:\Users\Dell\Documents\GitHub\stairsClimber\StairClimberProg\StairClimberProg\ArduinoCore\Debug\libArduinoCore.a(wiring_analog.o)
 .debug_frame   0x0000081c       0x7c C:\Users\Dell\Documents\GitHub\stairsClimber\StairClimberProg\StairClimberProg\ArduinoCore\Debug\libArduinoCore.a(wiring_digital.o)
 .debug_frame   0x00000898       0x24 C:\Users\Dell\Documents\GitHub\stairsClimber\StairClimberProg\StairClimberProg\ArduinoCore\Debug\libArduinoCore.a(hooks.o)

.debug_str      0x00000000     0x2321
 *(.debug_str)
 .debug_str     0x00000000      0x208 C:/Program Files (x86)/Atmel/Studio/7.0/Packs/atmel/ATmega_DFP/1.3.300/gcc/dev/atmega328p/avr5/crtatmega328p.o
 .debug_str     0x00000208      0x502 Sketch.o
                                0x56d (size before relaxing)
 .debug_str     0x0000070a     0x159d src/libraries/SoftwareSerial/src/SoftwareSerial.o
                               0x1947 (size before relaxing)
 .debug_str     0x00001ca7       0xbb C:\Users\Dell\Documents\GitHub\stairsClimber\StairClimberProg\StairClimberProg\ArduinoCore\Debug\libArduinoCore.a(main.o)
                                0x2c0 (size before relaxing)
 .debug_str     0x00001d62      0x3b6 C:\Users\Dell\Documents\GitHub\stairsClimber\StairClimberProg\StairClimberProg\ArduinoCore\Debug\libArduinoCore.a(Print.o)
                               0x124e (size before relaxing)
 .debug_str     0x00002118      0x142 C:\Users\Dell\Documents\GitHub\stairsClimber\StairClimberProg\StairClimberProg\ArduinoCore\Debug\libArduinoCore.a(wiring.o)
                                0x256 (size before relaxing)
 .debug_str     0x0000225a       0x60 C:\Users\Dell\Documents\GitHub\stairsClimber\StairClimberProg\StairClimberProg\ArduinoCore\Debug\libArduinoCore.a(wiring_analog.o)
                                0x25a (size before relaxing)
 .debug_str     0x000022ba       0x4b C:\Users\Dell\Documents\GitHub\stairsClimber\StairClimberProg\StairClimberProg\ArduinoCore\Debug\libArduinoCore.a(wiring_digital.o)
                                0x2bb (size before relaxing)
 .debug_str     0x00002305       0x1c C:\Users\Dell\Documents\GitHub\stairsClimber\StairClimberProg\StairClimberProg\ArduinoCore\Debug\libArduinoCore.a(hooks.o)
                                0x14b (size before relaxing)

.debug_loc      0x00000000     0x373f
 *(.debug_loc)
 .debug_loc     0x00000000      0x49b Sketch.o
 .debug_loc     0x0000049b      0xc96 src/libraries/SoftwareSerial/src/SoftwareSerial.o
 .debug_loc     0x00001131     0x1c87 C:\Users\Dell\Documents\GitHub\stairsClimber\StairClimberProg\StairClimberProg\ArduinoCore\Debug\libArduinoCore.a(Print.o)
 .debug_loc     0x00002db8      0x28d C:\Users\Dell\Documents\GitHub\stairsClimber\StairClimberProg\StairClimberProg\ArduinoCore\Debug\libArduinoCore.a(wiring.o)
 .debug_loc     0x00003045       0xfe C:\Users\Dell\Documents\GitHub\stairsClimber\StairClimberProg\StairClimberProg\ArduinoCore\Debug\libArduinoCore.a(wiring_analog.o)
 .debug_loc     0x00003143      0x5fc C:\Users\Dell\Documents\GitHub\stairsClimber\StairClimberProg\StairClimberProg\ArduinoCore\Debug\libArduinoCore.a(wiring_digital.o)

.debug_macinfo
 *(.debug_macinfo)

.debug_weaknames
 *(.debug_weaknames)

.debug_funcnames
 *(.debug_funcnames)

.debug_typenames
 *(.debug_typenames)

.debug_varnames
 *(.debug_varnames)

.debug_pubtypes
 *(.debug_pubtypes)

.debug_ranges   0x00000000      0x328
 *(.debug_ranges)
 .debug_ranges  0x00000000       0x78 Sketch.o
 .debug_ranges  0x00000078       0xe0 src/libraries/SoftwareSerial/src/SoftwareSerial.o
 .debug_ranges  0x00000158       0x20 C:\Users\Dell\Documents\GitHub\stairsClimber\StairClimberProg\StairClimberProg\ArduinoCore\Debug\libArduinoCore.a(main.o)
 .debug_ranges  0x00000178      0x120 C:\Users\Dell\Documents\GitHub\stairsClimber\StairClimberProg\StairClimberProg\ArduinoCore\Debug\libArduinoCore.a(Print.o)
 .debug_ranges  0x00000298       0x38 C:\Users\Dell\Documents\GitHub\stairsClimber\StairClimberProg\StairClimberProg\ArduinoCore\Debug\libArduinoCore.a(wiring.o)
 .debug_ranges  0x000002d0       0x20 C:\Users\Dell\Documents\GitHub\stairsClimber\StairClimberProg\StairClimberProg\ArduinoCore\Debug\libArduinoCore.a(wiring_analog.o)
 .debug_ranges  0x000002f0       0x28 C:\Users\Dell\Documents\GitHub\stairsClimber\StairClimberProg\StairClimberProg\ArduinoCore\Debug\libArduinoCore.a(wiring_digital.o)
 .debug_ranges  0x00000318       0x10 C:\Users\Dell\Documents\GitHub\stairsClimber\StairClimberProg\StairClimberProg\ArduinoCore\Debug\libArduinoCore.a(hooks.o)

.debug_macro
 *(.debug_macro)
OUTPUT(StairClimberMain.elf elf32-avr)
LOAD linker stubs
